Component: Arm Compiler for Embedded 6.22 Tool: armlink [5ee90200]

==============================================================================

Section Cross References

    startup_stm32f103xb.o(STACK) refers (Special) to heapauxi.o(.text) for __use_two_region_memory
    startup_stm32f103xb.o(HEAP) refers (Special) to heapauxi.o(.text) for __use_two_region_memory
    startup_stm32f103xb.o(RESET) refers (Special) to heapauxi.o(.text) for __use_two_region_memory
    startup_stm32f103xb.o(RESET) refers to startup_stm32f103xb.o(STACK) for __initial_sp
    startup_stm32f103xb.o(RESET) refers to startup_stm32f103xb.o(.text) for Reset_Handler
    startup_stm32f103xb.o(RESET) refers to stm32f1xx_it.o(.text.NMI_Handler) for NMI_Handler
    startup_stm32f103xb.o(RESET) refers to stm32f1xx_it.o(.text.HardFault_Handler) for HardFault_Handler
    startup_stm32f103xb.o(RESET) refers to stm32f1xx_it.o(.text.MemManage_Handler) for MemManage_Handler
    startup_stm32f103xb.o(RESET) refers to stm32f1xx_it.o(.text.BusFault_Handler) for BusFault_Handler
    startup_stm32f103xb.o(RESET) refers to stm32f1xx_it.o(.text.UsageFault_Handler) for UsageFault_Handler
    startup_stm32f103xb.o(RESET) refers to stm32f1xx_it.o(.text.SVC_Handler) for SVC_Handler
    startup_stm32f103xb.o(RESET) refers to stm32f1xx_it.o(.text.DebugMon_Handler) for DebugMon_Handler
    startup_stm32f103xb.o(RESET) refers to stm32f1xx_it.o(.text.PendSV_Handler) for PendSV_Handler
    startup_stm32f103xb.o(RESET) refers to stm32f1xx_it.o(.text.SysTick_Handler) for SysTick_Handler
    startup_stm32f103xb.o(RESET) refers to stm32f1xx_it.o(.text.EXTI4_IRQHandler) for EXTI4_IRQHandler
    startup_stm32f103xb.o(RESET) refers to stm32f1xx_it.o(.text.ADC1_2_IRQHandler) for ADC1_2_IRQHandler
    startup_stm32f103xb.o(RESET) refers to stm32f1xx_it.o(.text.TIM1_UP_IRQHandler) for TIM1_UP_IRQHandler
    startup_stm32f103xb.o(RESET) refers to stm32f1xx_it.o(.text.TIM2_IRQHandler) for TIM2_IRQHandler
    startup_stm32f103xb.o(RESET) refers to stm32f1xx_it.o(.text.TIM4_IRQHandler) for TIM4_IRQHandler
    startup_stm32f103xb.o(.text) refers (Special) to heapauxi.o(.text) for __use_two_region_memory
    startup_stm32f103xb.o(.text) refers to system_stm32f1xx.o(.text.SystemInit) for SystemInit
    startup_stm32f103xb.o(.text) refers to __main.o(!!!main) for __main
    startup_stm32f103xb.o(.text) refers to startup_stm32f103xb.o(HEAP) for Heap_Mem
    startup_stm32f103xb.o(.text) refers to startup_stm32f103xb.o(STACK) for Stack_Mem
    main.o(.text.delay_ms) refers to stm32f1xx_hal.o(.text.HAL_Delay) for HAL_Delay
    main.o(.ARM.exidx.text.delay_ms) refers to main.o(.text.delay_ms) for [Anonymous Symbol]
    main.o(.text.GPIO_Init) refers to stm32f1xx_hal_gpio.o(.text.HAL_GPIO_Init) for HAL_GPIO_Init
    main.o(.ARM.exidx.text.GPIO_Init) refers to main.o(.text.GPIO_Init) for [Anonymous Symbol]
    main.o(.text.light_up_leds) refers to stm32f1xx_hal_gpio.o(.text.HAL_GPIO_WritePin) for HAL_GPIO_WritePin
    main.o(.ARM.exidx.text.light_up_leds) refers to main.o(.text.light_up_leds) for [Anonymous Symbol]
    main.o(.text.turn_off_all_leds) refers to stm32f1xx_hal_gpio.o(.text.HAL_GPIO_WritePin) for HAL_GPIO_WritePin
    main.o(.ARM.exidx.text.turn_off_all_leds) refers to main.o(.text.turn_off_all_leds) for [Anonymous Symbol]
    main.o(.text.light_up_leds_one_by_one) refers to stm32f1xx_hal_gpio.o(.text.HAL_GPIO_WritePin) for HAL_GPIO_WritePin
    main.o(.ARM.exidx.text.light_up_leds_one_by_one) refers to main.o(.text.light_up_leds_one_by_one) for [Anonymous Symbol]
    main.o(.text.blink_all_leds) refers to stm32f1xx_hal_gpio.o(.text.HAL_GPIO_TogglePin) for HAL_GPIO_TogglePin
    main.o(.text.blink_all_leds) refers to main.o(.text.turn_off_all_leds) for turn_off_all_leds
    main.o(.text.blink_all_leds) refers to stm32f1xx_hal.o(.text.HAL_Delay) for HAL_Delay
    main.o(.text.blink_all_leds) refers to main.o(.text.light_up_leds) for light_up_leds
    main.o(.ARM.exidx.text.blink_all_leds) refers to main.o(.text.blink_all_leds) for [Anonymous Symbol]
    main.o(.text.control_leds) refers to main.o(.text.light_up_leds_one_by_one) for light_up_leds_one_by_one
    main.o(.text.control_leds) refers to main.o(.text.turn_off_all_leds) for turn_off_all_leds
    main.o(.text.control_leds) refers to main.o(.text.light_up_leds) for light_up_leds
    main.o(.ARM.exidx.text.control_leds) refers to main.o(.text.control_leds) for [Anonymous Symbol]
    main.o(.text.CalculateCounts) refers to main.o(.data.high_time_ms) for high_time_ms
    main.o(.text.CalculateCounts) refers to main.o(.bss.HighCounts) for HighCounts
    main.o(.text.CalculateCounts) refers to main.o(.data.low_time_ms) for low_time_ms
    main.o(.text.CalculateCounts) refers to main.o(.bss.LowCounts) for LowCounts
    main.o(.ARM.exidx.text.CalculateCounts) refers to main.o(.text.CalculateCounts) for [Anonymous Symbol]
    main.o(.text.Start_Timer_Measurement) refers to tim.o(.bss.htim3) for htim3
[...]
    [Anonymous Symbol]                       0x08000654   Section        0  stm32f1xx_hal_adc_ex.o(.text.HAL_ADCEx_InjectedConvCpltCallback)
    [Anonymous Symbol]                       0x0800065c   Section        0  stm32f1xx_hal_adc.o(.text.HAL_ADC_ConfigChannel)
    [Anonymous Symbol]                       0x08000810   Section        0  stm32f1xx_hal_adc.o(.text.HAL_ADC_ConvCpltCallback)
    [Anonymous Symbol]                       0x08000818   Section        0  stm32f1xx_hal_adc.o(.text.HAL_ADC_GetValue)
    [Anonymous Symbol]                       0x08000828   Section        0  stm32f1xx_hal_adc.o(.text.HAL_ADC_IRQHandler)
    [Anonymous Symbol]                       0x080009b4   Section        0  stm32f1xx_hal_adc.o(.text.HAL_ADC_Init)
    [Anonymous Symbol]                       0x08000bc8   Section        0  stm32f1xx_hal_adc.o(.text.HAL_ADC_LevelOutOfWindowCallback)
    [Anonymous Symbol]                       0x08000bd0   Section        0  adc.o(.text.HAL_ADC_MspInit)
    [Anonymous Symbol]                       0x08000c5c   Section        0  stm32f1xx_hal_adc.o(.text.HAL_ADC_Start)
    [Anonymous Symbol]                       0x08000e14   Section        0  stm32f1xx_hal.o(.text.HAL_Delay)
    [Anonymous Symbol]                       0x08000e58   Section        0  main.o(.text.HAL_GPIO_EXTI_Callback)
    [Anonymous Symbol]                       0x08000e70   Section        0  stm32f1xx_hal_gpio.o(.text.HAL_GPIO_EXTI_IRQHandler)
    [Anonymous Symbol]                       0x08000ea8   Section        0  stm32f1xx_hal_gpio.o(.text.HAL_GPIO_Init)
    [Anonymous Symbol]                       0x080011c8   Section        0  stm32f1xx_hal_gpio.o(.text.HAL_GPIO_WritePin)
    [Anonymous Symbol]                       0x080011f8   Section        0  stm32f1xx_hal.o(.text.HAL_GetTick)
    [Anonymous Symbol]                       0x08001204   Section        0  stm32f1xx_hal.o(.text.HAL_IncTick)
    [Anonymous Symbol]                       0x08001220   Section        0  stm32f1xx_hal.o(.text.HAL_Init)
    [Anonymous Symbol]                       0x08001248   Section        0  stm32f1xx_hal.o(.text.HAL_InitTick)
    [Anonymous Symbol]                       0x080012b8   Section        0  stm32f1xx_hal_msp.o(.text.HAL_MspInit)
    [Anonymous Symbol]                       0x0800131c   Section        0  stm32f1xx_hal_cortex.o(.text.HAL_NVIC_DisableIRQ)
    [Anonymous Symbol]                       0x08001330   Section        0  stm32f1xx_hal_cortex.o(.text.HAL_NVIC_EnableIRQ)
    [Anonymous Symbol]                       0x08001344   Section        0  stm32f1xx_hal_cortex.o(.text.HAL_NVIC_SetPriority)
    [Anonymous Symbol]                       0x08001378   Section        0  stm32f1xx_hal_cortex.o(.text.HAL_NVIC_SetPriorityGrouping)
    [Anonymous Symbol]                       0x08001388   Section        0  stm32f1xx_hal_rcc_ex.o(.text.HAL_RCCEx_GetPeriphCLKFreq)
    [Anonymous Symbol]                       0x08001520   Section        0  stm32f1xx_hal_rcc_ex.o(.text.HAL_RCCEx_PeriphCLKConfig)
    [Anonymous Symbol]                       0x080016e8   Section        0  stm32f1xx_hal_rcc.o(.text.HAL_RCC_ClockConfig)
    [Anonymous Symbol]                       0x08001940   Section        0  stm32f1xx_hal_rcc.o(.text.HAL_RCC_GetHCLKFreq)
    [Anonymous Symbol]                       0x0800194c   Section        0  stm32f1xx_hal_rcc.o(.text.HAL_RCC_GetPCLK2Freq)
    [Anonymous Symbol]                       0x08001970   Section        0  stm32f1xx_hal_rcc.o(.text.HAL_RCC_GetSysClockFreq)
    [Anonymous Symbol]                       0x08001a2c   Section        0  stm32f1xx_hal_rcc.o(.text.HAL_RCC_MCOConfig)
    [Anonymous Symbol]                       0x08001a94   Section        0  stm32f1xx_hal_rcc.o(.text.HAL_RCC_OscConfig)
    [Anonymous Symbol]                       0x08002110   Section        0  stm32f1xx_hal_cortex.o(.text.HAL_SYSTICK_Config)
    [Anonymous Symbol]                       0x08002120   Section        0  stm32f1xx_hal_tim_ex.o(.text.HAL_TIMEx_BreakCallback)
    [Anonymous Symbol]                       0x08002128   Section        0  stm32f1xx_hal_tim_ex.o(.text.HAL_TIMEx_CommutCallback)
    [Anonymous Symbol]                       0x08002130   Section        0  stm32f1xx_hal_tim_ex.o(.text.HAL_TIMEx_MasterConfigSynchronization)
    [Anonymous Symbol]                       0x0800220c   Section        0  stm32f1xx_hal_tim.o(.text.HAL_TIM_Base_GetState)
    [Anonymous Symbol]                       0x0800221c   Section        0  stm32f1xx_hal_tim.o(.text.HAL_TIM_Base_Init)
    [Anonymous Symbol]                       0x080022b8   Section        0  tim.o(.text.HAL_TIM_Base_MspInit)
    [Anonymous Symbol]                       0x0800237c   Section        0  stm32f1xx_hal_tim.o(.text.HAL_TIM_Base_Start)
    [Anonymous Symbol]                       0x08002420   Section        0  stm32f1xx_hal_tim.o(.text.HAL_TIM_Base_Start_IT)
    [Anonymous Symbol]                       0x080024d0   Section        0  stm32f1xx_hal_tim.o(.text.HAL_TIM_Base_Stop)
    [Anonymous Symbol]                       0x08002518   Section        0  stm32f1xx_hal_tim.o(.text.HAL_TIM_ConfigClockSource)
    [Anonymous Symbol]                       0x0800269c   Section        0  stm32f1xx_hal_tim.o(.text.HAL_TIM_IC_CaptureCallback)
    [Anonymous Symbol]                       0x080026a4   Section        0  stm32f1xx_hal_tim.o(.text.HAL_TIM_IC_MspInit)
    [Anonymous Symbol]                       0x080026ac   Section        0  stm32f1xx_hal_tim.o(.text.HAL_TIM_IRQHandler)
    [Anonymous Symbol]                       0x080028c8   Section        0  tim.o(.text.HAL_TIM_MspPostInit)
    [Anonymous Symbol]                       0x08002928   Section        0  stm32f1xx_hal_tim.o(.text.HAL_TIM_OC_ConfigChannel)
    [Anonymous Symbol]                       0x080029cc   Section        0  stm32f1xx_hal_tim.o(.text.HAL_TIM_OC_DelayElapsedCallback)
    [Anonymous Symbol]                       0x080029d4   Section        0  stm32f1xx_hal_tim.o(.text.HAL_TIM_OC_Init)
    [Anonymous Symbol]                       0x08002a70   Section        0  stm32f1xx_hal_tim.o(.text.HAL_TIM_OC_MspInit)
    [Anonymous Symbol]                       0x08002a78   Section        0  stm32f1xx_hal_tim.o(.text.HAL_TIM_PWM_ConfigChannel)
    [Anonymous Symbol]                       0x08002bbc   Section        0  stm32f1xx_hal_tim.o(.text.HAL_TIM_PWM_Init)
    [Anonymous Symbol]                       0x08002c58   Section        0  tim.o(.text.HAL_TIM_PWM_MspInit)
    [Anonymous Symbol]                       0x08002ca8   Section        0  stm32f1xx_hal_tim.o(.text.HAL_TIM_PWM_PulseFinishedCallback)
    [Anonymous Symbol]                       0x08002cb0   Section        0  stm32f1xx_hal_tim.o(.text.HAL_TIM_PWM_Start)
    [Anonymous Symbol]                       0x08002e10   Section        0  stm32f1xx_hal_tim.o(.text.HAL_TIM_PWM_Stop)
    [Anonymous Symbol]                       0x08002ef4   Section        0  main.o(.text.HAL_TIM_PeriodElapsedCallback)
    [Anonymous Symbol]                       0x08003090   Section        0  stm32f1xx_hal_tim.o(.text.HAL_TIM_TriggerCallback)
    [Anonymous Symbol]                       0x08003098   Section        0  stm32f1xx_it.o(.text.HardFault_Handler)
    [Anonymous Symbol]                       0x0800309c   Section        0  adc.o(.text.MX_ADC1_Init)
    [Anonymous Symbol]                       0x08003104   Section        0  gpio.o(.text.MX_GPIO_Init)
    [Anonymous Symbol]                       0x08003284   Section        0  tim.o(.text.MX_TIM1_Init)
    [Anonymous Symbol]                       0x08003310   Section        0  tim.o(.text.MX_TIM2_Init)
    [Anonymous Symbol]                       0x08003400   Section        0  tim.o(.text.MX_TIM3_Init)
    [Anonymous Symbol]                       0x08003490   Section        0  tim.o(.text.MX_TIM4_Init)
    [Anonymous Symbol]                       0x08003550   Section        0  stm32f1xx_it.o(.text.MemManage_Handler)
    [Anonymous Symbol]                       0x08003554   Section        0  stm32f1xx_it.o(.text.NMI_Handler)
    NVIC_EncodePriority                      0x08003559   Thumb Code   108  stm32f1xx_hal_cortex.o(.text.NVIC_EncodePriority)
    [Anonymous Symbol]                       0x08003558   Section        0  stm32f1xx_hal_cortex.o(.text.NVIC_EncodePriority)
    [Anonymous Symbol]                       0x080035c4   Section        0  oled.o(.text.OLED_Clear)
    [Anonymous Symbol]                       0x08003620   Section        0  oled.o(.text.OLED_GPIO_Init)
    [Anonymous Symbol]                       0x08003698   Section        0  oled.o(.text.OLED_I2C_SendByte)
    [Anonymous Symbol]                       0x08003750   Section        0  oled.o(.text.OLED_I2C_Start)
    [Anonymous Symbol]                       0x08003794   Section        0  oled.o(.text.OLED_I2C_Stop)
    [Anonymous Symbol]                       0x080037d8   Section        0  oled.o(.text.OLED_Init)
    [Anonymous Symbol]                       0x08003874   Section        0  oled.o(.text.OLED_Pow)
    [Anonymous Symbol]                       0x0800389c   Section        0  oled.o(.text.OLED_SetCursor)
    [Anonymous Symbol]                       0x080038d0   Section        0  oled.o(.text.OLED_ShowChar)
    [Anonymous Symbol]                       0x080039a4   Section        0  oled.o(.text.OLED_ShowFloat)
    [Anonymous Symbol]                       0x08003a2c   Section        0  oled.o(.text.OLED_ShowNum)
    [Anonymous Symbol]                       0x08003ab8   Section        0  oled.o(.text.OLED_ShowString)
    [Anonymous Symbol]                       0x08003b04   Section        0  oled.o(.text.OLED_WriteCommand)
    [Anonymous Symbol]                       0x08003b2c   Section        0  oled.o(.text.OLED_WriteData)
    [Anonymous Symbol]                       0x08003b54   Section        0  stm32f1xx_it.o(.text.PendSV_Handler)
    RCC_Delay                                0x08003b59   Thumb Code    58  stm32f1xx_hal_rcc.o(.text.RCC_Delay)
    [Anonymous Symbol]                       0x08003b58   Section        0  stm32f1xx_hal_rcc.o(.text.RCC_Delay)
    [Anonymous Symbol]                       0x08003b94   Section        0  stm32f1xx_it.o(.text.SVC_Handler)
    SysTick_Config                           0x08003b99   Thumb Code    82  stm32f1xx_hal_cortex.o(.text.SysTick_Config)
    [Anonymous Symbol]                       0x08003b98   Section        0  stm32f1xx_hal_cortex.o(.text.SysTick_Config)
    [Anonymous Symbol]                       0x08003bec   Section        0  stm32f1xx_it.o(.text.SysTick_Handler)
    [Anonymous Symbol]                       0x08003bf4   Section        0  main.o(.text.SystemClock_Config)
    [Anonymous Symbol]                       0x08003c90   Section        0  system_stm32f1xx.o(.text.SystemInit)
    [Anonymous Symbol]                       0x08003c94   Section        0  stm32f1xx_it.o(.text.TIM1_UP_IRQHandler)
    [Anonymous Symbol]                       0x08003ca4   Section        0  stm32f1xx_it.o(.text.TIM2_IRQHandler)
    [Anonymous Symbol]                       0x08003cb4   Section        0  stm32f1xx_it.o(.text.TIM4_IRQHandler)
    [Anonymous Symbol]                       0x08003cc4   Section        0  stm32f1xx_hal_tim.o(.text.TIM_Base_SetConfig)
    [Anonymous Symbol]                       0x08003dcc   Section        0  stm32f1xx_hal_tim.o(.text.TIM_CCxChannelCmd)
    [Anonymous Symbol]                       0x08003e04   Section        0  stm32f1xx_hal_tim.o(.text.TIM_ETR_SetConfig)
    TIM_ITRx_SetConfig                       0x08003e39   Thumb Code    42  stm32f1xx_hal_tim.o(.text.TIM_ITRx_SetConfig)
    [Anonymous Symbol]                       0x08003e38   Section        0  stm32f1xx_hal_tim.o(.text.TIM_ITRx_SetConfig)
    TIM_OC1_SetConfig                        0x08003e65   Thumb Code   206  stm32f1xx_hal_tim.o(.text.TIM_OC1_SetConfig)
    [Anonymous Symbol]                       0x08003e64   Section        0  stm32f1xx_hal_tim.o(.text.TIM_OC1_SetConfig)
    [Anonymous Symbol]                       0x08003f34   Section        0  stm32f1xx_hal_tim.o(.text.TIM_OC2_SetConfig)
    TIM_OC3_SetConfig                        0x0800400d   Thumb Code   214  stm32f1xx_hal_tim.o(.text.TIM_OC3_SetConfig)
    [Anonymous Symbol]                       0x0800400c   Section        0  stm32f1xx_hal_tim.o(.text.TIM_OC3_SetConfig)
    TIM_OC4_SetConfig                        0x080040e5   Thumb Code   150  stm32f1xx_hal_tim.o(.text.TIM_OC4_SetConfig)
    [Anonymous Symbol]                       0x080040e4   Section        0  stm32f1xx_hal_tim.o(.text.TIM_OC4_SetConfig)
    TIM_TI1_ConfigInputStage                 0x0800417d   Thumb Code    80  stm32f1xx_hal_tim.o(.text.TIM_TI1_ConfigInputStage)
    [Anonymous Symbol]                       0x0800417c   Section        0  stm32f1xx_hal_tim.o(.text.TIM_TI1_ConfigInputStage)
    TIM_TI2_ConfigInputStage                 0x080041cd   Thumb Code    82  stm32f1xx_hal_tim.o(.text.TIM_TI2_ConfigInputStage)
    [Anonymous Symbol]                       0x080041cc   Section        0  stm32f1xx_hal_tim.o(.text.TIM_TI2_ConfigInputStage)
    [Anonymous Symbol]                       0x08004220   Section        0  stm32f1xx_it.o(.text.UsageFault_Handler)
    __NVIC_DisableIRQ                        0x08004225   Thumb Code    56  stm32f1xx_hal_cortex.o(.text.__NVIC_DisableIRQ)
    [Anonymous Symbol]                       0x08004224   Section        0  stm32f1xx_hal_cortex.o(.text.__NVIC_DisableIRQ)
    __NVIC_EnableIRQ                         0x0800425d   Thumb Code    48  stm32f1xx_hal_cortex.o(.text.__NVIC_EnableIRQ)
    [Anonymous Symbol]                       0x0800425c   Section        0  stm32f1xx_hal_cortex.o(.text.__NVIC_EnableIRQ)
    __NVIC_GetPriorityGrouping               0x0800428d   Thumb Code    16  stm32f1xx_hal_cortex.o(.text.__NVIC_GetPriorityGrouping)
    [Anonymous Symbol]                       0x0800428c   Section        0  stm32f1xx_hal_cortex.o(.text.__NVIC_GetPriorityGrouping)
    __NVIC_SetPriority                       0x0800429d   Thumb Code    66  stm32f1xx_hal_cortex.o(.text.__NVIC_SetPriority)
    [Anonymous Symbol]                       0x0800429c   Section        0  stm32f1xx_hal_cortex.o(.text.__NVIC_SetPriority)
    __NVIC_SetPriorityGrouping               0x080042e1   Thumb Code    60  stm32f1xx_hal_cortex.o(.text.__NVIC_SetPriorityGrouping)
    [Anonymous Symbol]                       0x080042e0   Section        0  stm32f1xx_hal_cortex.o(.text.__NVIC_SetPriorityGrouping)
    [Anonymous Symbol]                       0x0800431c   Section        0  main.o(.text.beep)
    [Anonymous Symbol]                       0x08004364   Section        0  main.o(.text.control_leds)
    [Anonymous Symbol]                       0x080043b8   Section        0  main.o(.text.light_up_leds)
    [Anonymous Symbol]                       0x080044cc   Section        0  main.o(.text.light_up_leds_one_by_one)
    [Anonymous Symbol]                       0x08004550   Section        0  main.o(.text.main)
    [Anonymous Symbol]                       0x08004ec8   Section        0  main.o(.text.turn_off_all_leds)
    x$fpl$d2f                                0x08004f4c   Section       98  d2f.o(x$fpl$d2f)
    x$fpl$dadd                               0x08004fb0   Section      336  daddsub_clz.o(x$fpl$dadd)
    _dadd1                                   0x08004fc1   Thumb Code     0  daddsub_clz.o(x$fpl$dadd)
    x$fpl$ddiv                               0x08005100   Section      696  ddiv.o(x$fpl$ddiv)
    ddiv_entry                               0x08005107   Thumb Code     0  ddiv.o(x$fpl$ddiv)
    x$fpl$dfix                               0x080053b8   Section       94  dfix.o(x$fpl$dfix)
    x$fpl$dmul                               0x08005418   Section      340  dmul.o(x$fpl$dmul)
    x$fpl$dnaninf                            0x0800556c   Section      156  dnaninf.o(x$fpl$dnaninf)
    x$fpl$dretinf                            0x08005608   Section       12  dretinf.o(x$fpl$dretinf)
    x$fpl$dsub                               0x08005614   Section      476  daddsub_clz.o(x$fpl$dsub)
    _dsub1                                   0x08005625   Thumb Code     0  daddsub_clz.o(x$fpl$dsub)
    x$fpl$f2d                                0x080057f0   Section       86  f2d.o(x$fpl$f2d)
    x$fpl$fadd                               0x08005848   Section      196  faddsub_clz.o(x$fpl$fadd)
    _fadd1                                   0x08005857   Thumb Code     0  faddsub_clz.o(x$fpl$fadd)
    x$fpl$fcmp                               0x0800590c   Section       84  fcmp.o(x$fpl$fcmp)
    x$fpl$fcmpinf                            0x08005960   Section       24  fcmpi.o(x$fpl$fcmpinf)
    _fdiv1                                   0x08005979   Thumb Code     0  fdiv.o(x$fpl$fdiv)
    x$fpl$fdiv                               0x08005978   Section      388  fdiv.o(x$fpl$fdiv)
    x$fpl$feqf                               0x08005afc   Section      104  feqf.o(x$fpl$feqf)
    x$fpl$ffixu                              0x08005b64   Section       62  ffixu.o(x$fpl$ffixu)
    x$fpl$fflt                               0x08005ba4   Section       48  fflt_clz.o(x$fpl$fflt)
    x$fpl$ffltu                              0x08005bd4   Section       38  fflt_clz.o(x$fpl$ffltu)
    x$fpl$fgeqf                              0x08005bfc   Section      104  fgeqf.o(x$fpl$fgeqf)
    x$fpl$fleqf                              0x08005c64   Section      104  fleqf.o(x$fpl$fleqf)
    x$fpl$fmul                               0x08005ccc   Section      258  fmul.o(x$fpl$fmul)
    x$fpl$fnaninf                            0x08005dce   Section      140  fnaninf.o(x$fpl$fnaninf)
    x$fpl$fretinf                            0x08005e5a   Section       10  fretinf.o(x$fpl$fretinf)
    x$fpl$fsub                               0x08005e64   Section      234  faddsub_clz.o(x$fpl$fsub)
    _fsub1                                   0x08005e73   Thumb Code     0  faddsub_clz.o(x$fpl$fsub)
    x$fpl$usenofp                            0x08005f4e   Section        0  usenofp.o(x$fpl$usenofp)
    HAL_RCCEx_GetPeriphCLKFreq.aPLLMULFactorTable 0x08005f66   Data          16  stm32f1xx_hal_rcc_ex.o(.rodata.HAL_RCCEx_GetPeriphCLKFreq.aPLLMULFactorTable)
    [Anonymous Symbol]                       0x08005f66   Section        0  stm32f1xx_hal_rcc_ex.o(.rodata.HAL_RCCEx_GetPeriphCLKFreq.aPLLMULFactorTable)
    HAL_RCCEx_GetPeriphCLKFreq.aPredivFactorTable 0x08005f76   Data           2  stm32f1xx_hal_rcc_ex.o(.rodata.HAL_RCCEx_GetPeriphCLKFreq.aPredivFactorTable)
    [Anonymous Symbol]                       0x08005f76   Section        0  stm32f1xx_hal_rcc_ex.o(.rodata.HAL_RCCEx_GetPeriphCLKFreq.aPredivFactorTable)
    HAL_RCC_GetSysClockFreq.aPLLMULFactorTable 0x08005f78   Data          16  stm32f1xx_hal_rcc.o(.rodata.HAL_RCC_GetSysClockFreq.aPLLMULFactorTable)
    [Anonymous Symbol]                       0x08005f78   Section        0  stm32f1xx_hal_rcc.o(.rodata.HAL_RCC_GetSysClockFreq.aPLLMULFactorTable)
    HAL_RCC_GetSysClockFreq.aPredivFactorTable 0x08005f88   Data           2  stm32f1xx_hal_rcc.o(.rodata.HAL_RCC_GetSysClockFreq.aPredivFactorTable)
    [Anonymous Symbol]                       0x08005f88   Section        0  stm32f1xx_hal_rcc.o(.rodata.HAL_RCC_GetSysClockFreq.aPredivFactorTable)
    .L.str                                   0x0800657a   Data           3  main.o(.rodata.str1.1)
    .L.str.5                                 0x0800657a   Data          17  main.o(.rodata.str1.1)
    [Anonymous Symbol]                       0x0800657a   Section        0  main.o(.rodata.str1.1)
    .L.str.3                                 0x0800658b   Data           5  main.o(.rodata.str1.1)
    .L.str.2                                 0x08006590   Data           5  main.o(.rodata.str1.1)
    .L.str.1                                 0x08006595   Data           5  main.o(.rodata.str1.1)
    .L.str.4                                 0x0800659a   Data           7  main.o(.rodata.str1.1)
    .L.str.6                                 0x080065a1   Data          11  main.o(.rodata.str1.1)
    .bss                                     0x20000020   Section       96  libspace.o(.bss)
    dst                                      0x20000094   Data           4  main.o(.bss.dst)
    [Anonymous Symbol]                       0x20000094   Section        0  main.o(.bss.dst)
    dst0                                     0x20000098   Data           4  main.o(.bss.dst0)
    [Anonymous Symbol]                       0x20000098   Section        0  main.o(.bss.dst0)
    Heap_Mem                                 0x20000210   Data         512  startup_stm32f103xb.o(HEAP)
    HEAP                                     0x20000210   Section      512  startup_stm32f103xb.o(HEAP)
    Stack_Mem                                0x20000410   Data        1024  startup_stm32f103xb.o(STACK)
    STACK                                    0x20000410   Section     1024  startup_stm32f103xb.o(STACK)
    __initial_sp                             0x20000810   Data           0  startup_stm32f103xb.o(STACK)

    Global Symbols

    Symbol Name                              Value     Ov Type        Size  Object(Section)

    BuildAttributes$$THM_ISAv4$P$D$K$B$S$PE$A:L22UL41UL21$X:L11$S22US41US21$IEEE1$IW$~IW$USESV6$~STKCKD$USESV7$~SHL$OTIME$ROPI$IEEEJ$EBA8$UX$STANDARDLIB$REQ8$PRES8$EABIv2 0x00000000   Number         0  anon$$obj.o ABSOLUTE
    __fp_init_empty                          0x00000000   Number         0  fpinit_empty.o ABSOLUTE
    _printf_flags                            0x00000000   Number         0  printf_stubs.o ABSOLUTE
    _printf_return_value                     0x00000000   Number         0  printf_stubs.o ABSOLUTE
    _printf_sizespec                         0x00000000   Number         0  printf_stubs.o ABSOLUTE
    _printf_widthprec                        0x00000000   Number         0  printf_stubs.o ABSOLUTE
    __ARM_exceptions_init                     - Undefined Weak Reference
    __alloca_initialize                       - Undefined Weak Reference
    __arm_preinit_                            - Undefined Weak Reference
    __arm_relocate_pie_                       - Undefined Weak Reference
    __cpp_initialize__aeabi_                  - Undefined Weak Reference
    __cxa_finalize                            - Undefined Weak Reference
    __sigvec_lookup                           - Undefined Weak Reference
    _atexit_init                              - Undefined Weak Reference
    _call_atexit_fns                          - Undefined Weak Reference
    _clock_init                               - Undefined Weak Reference
    _fp_trap_init                             - Undefined Weak Reference
    _fp_trap_shutdown                         - Undefined Weak Reference
    _get_lc_collate                           - Undefined Weak Reference
    _get_lc_monetary                          - Undefined Weak Reference
    _get_lc_time                              - Undefined Weak Reference
    _getenv_init                              - Undefined Weak Reference
    _handle_redirection                       - Undefined Weak Reference
    _init_alloc                               - Undefined Weak Reference
    _init_user_alloc                          - Undefined Weak Reference
    _initio                                   - Undefined Weak Reference
    _printf_mbtowc                            - Undefined Weak Reference
    _printf_wc                                - Undefined Weak Reference
    _rand_init                                - Undefined Weak Reference
    _signal_finish                            - Undefined Weak Reference
    _signal_init                              - Undefined Weak Reference
    _terminate_alloc                          - Undefined Weak Reference
    _terminate_user_alloc                     - Undefined Weak Reference
    _terminateio                              - Undefined Weak Reference
    __Vectors_Size                           0x000000ec   Number         0  startup_stm32f103xb.o ABSOLUTE
    __Vectors                                0x08000000   Data           4  startup_stm32f103xb.o(RESET)
    __Vectors_End                            0x080000ec   Data           0  startup_stm32f103xb.o(RESET)
    __main                                   0x080000ed   Thumb Code     8  __main.o(!!!main)
    __scatterload                            0x080000f5   Thumb Code     0  __scatter.o(!!!scatter)
    __scatterload_rt2                        0x080000f5   Thumb Code    84  __scatter.o(!!!scatter)
    __scatterload_rt2_thumb_only             0x080000f5   Thumb Code     0  __scatter.o(!!!scatter)
    __scatterload_loop                       0x080000ff   Thumb Code     0  __scatter.o(!!!scatter)
    __scatterload_copy                       0x08000151   Thumb Code    26  __scatter_copy.o(!!handler_copy)
    __scatterload_null                       0x0800016d   Thumb Code     2  __scatter.o(!!handler_null)
    __scatterload_zeroinit                   0x08000171   Thumb Code    28  __scatter_zi.o(!!handler_zi)
    __rt_lib_init                            0x0800018d   Thumb Code     0  libinit.o(.ARM.Collect$$libinit$$00000000)
    __rt_lib_init_alloca_1                   0x0800018f   Thumb Code     0  libinit2.o(.ARM.Collect$$libinit$$00000030)
    __rt_lib_init_argv_1                     0x0800018f   Thumb Code     0  libinit2.o(.ARM.Collect$$libinit$$0000002E)
    __rt_lib_init_atexit_1                   0x0800018f   Thumb Code     0  libinit2.o(.ARM.Collect$$libinit$$0000001D)
    __rt_lib_init_clock_1                    0x0800018f   Thumb Code     0  libinit2.o(.ARM.Collect$$libinit$$00000023)
    __rt_lib_init_cpp_1                      0x0800018f   Thumb Code     0  libinit2.o(.ARM.Collect$$libinit$$00000034)
    __rt_lib_init_exceptions_1               0x0800018f   Thumb Code     0  libinit2.o(.ARM.Collect$$libinit$$00000032)
    __rt_lib_init_fp_1                       0x0800018f   Thumb Code     0  libinit2.o(.ARM.Collect$$libinit$$00000002)
    __rt_lib_init_fp_trap_1                  0x0800018f   Thumb Code     0  libinit2.o(.ARM.Collect$$libinit$$00000021)
    __rt_lib_init_getenv_1                   0x0800018f   Thumb Code     0  libinit2.o(.ARM.Collect$$libinit$$00000025)
    __rt_lib_init_heap_1                     0x0800018f   Thumb Code     0  libinit2.o(.ARM.Collect$$libinit$$0000000C)
    __rt_lib_init_lc_collate_1               0x0800018f   Thumb Code     0  libinit2.o(.ARM.Collect$$libinit$$00000013)
    __rt_lib_init_lc_ctype_1                 0x0800018f   Thumb Code     0  libinit2.o(.ARM.Collect$$libinit$$00000015)
    __rt_lib_init_lc_monetary_1              0x0800018f   Thumb Code     0  libinit2.o(.ARM.Collect$$libinit$$00000017)
    __rt_lib_init_lc_numeric_1               0x0800018f   Thumb Code     0  libinit2.o(.ARM.Collect$$libinit$$00000019)
    __rt_lib_init_lc_time_1                  0x0800018f   Thumb Code     0  libinit2.o(.ARM.Collect$$libinit$$0000001B)
    __rt_lib_init_preinit_1                  0x0800018f   Thumb Code     0  libinit2.o(.ARM.Collect$$libinit$$00000006)
    __rt_lib_init_rand_1                     0x0800018f   Thumb Code     0  libinit2.o(.ARM.Collect$$libinit$$00000010)
    __rt_lib_init_relocate_pie_1             0x0800018f   Thumb Code     0  libinit2.o(.ARM.Collect$$libinit$$00000004)
    __rt_lib_init_return                     0x0800018f   Thumb Code     0  libinit2.o(.ARM.Collect$$libinit$$00000035)
    __rt_lib_init_signal_1                   0x0800018f   Thumb Code     0  libinit2.o(.ARM.Collect$$libinit$$0000001F)
    __rt_lib_init_stdio_1                    0x0800018f   Thumb Code     0  libinit2.o(.ARM.Collect$$libinit$$00000027)
    __rt_lib_init_user_alloc_1               0x0800018f   Thumb Code     0  libinit2.o(.ARM.Collect$$libinit$$0000000E)
    __rt_lib_shutdown                        0x08000191   Thumb Code     0  libshutdown.o(.ARM.Collect$$libshutdown$$00000000)
    __rt_lib_shutdown_cpp_1                  0x08000193   Thumb Code     0  libshutdown2.o(.ARM.Collect$$libshutdown$$00000002)
    __rt_lib_shutdown_fp_trap_1              0x08000193   Thumb Code     0  libshutdown2.o(.ARM.Collect$$libshutdown$$00000007)
    __rt_lib_shutdown_heap_1                 0x08000193   Thumb Code     0  libshutdown2.o(.ARM.Collect$$libshutdown$$0000000F)
    __rt_lib_shutdown_return                 0x08000193   Thumb Code     0  libshutdown2.o(.ARM.Collect$$libshutdown$$00000010)
    __rt_lib_shutdown_signal_1               0x08000193   Thumb Code     0  libshutdown2.o(.ARM.Collect$$libshutdown$$0000000A)
    __rt_lib_shutdown_stdio_1                0x08000193   Thumb Code     0  libshutdown2.o(.ARM.Collect$$libshutdown$$00000004)
    __rt_lib_shutdown_user_alloc_1           0x08000193   Thumb Code     0  libshutdown2.o(.ARM.Collect$$libshutdown$$0000000C)
    __rt_entry                               0x08000195   Thumb Code     0  __rtentry.o(.ARM.Collect$$rtentry$$00000000)
    __rt_entry_presh_1                       0x08000195   Thumb Code     0  __rtentry2.o(.ARM.Collect$$rtentry$$00000002)
    __rt_entry_sh                            0x08000195   Thumb Code     0  __rtentry4.o(.ARM.Collect$$rtentry$$00000004)
    __rt_entry_li                            0x0800019b   Thumb Code     0  __rtentry2.o(.ARM.Collect$$rtentry$$0000000A)
    __rt_entry_postsh_1                      0x0800019b   Thumb Code     0  __rtentry2.o(.ARM.Collect$$rtentry$$00000009)
    __rt_entry_main                          0x0800019f   Thumb Code     0  __rtentry2.o(.ARM.Collect$$rtentry$$0000000D)
    __rt_entry_postli_1                      0x0800019f   Thumb Code     0  __rtentry2.o(.ARM.Collect$$rtentry$$0000000C)
    __rt_exit                                0x080001a7   Thumb Code     0  rtexit.o(.ARM.Collect$$rtexit$$00000000)
    __rt_exit_ls                             0x080001a9   Thumb Code     0  rtexit2.o(.ARM.Collect$$rtexit$$00000003)
    __rt_exit_prels_1                        0x080001a9   Thumb Code     0  rtexit2.o(.ARM.Collect$$rtexit$$00000002)
    __rt_exit_exit                           0x080001ad   Thumb Code     0  rtexit2.o(.ARM.Collect$$rtexit$$00000004)
    Reset_Handler                            0x080001b5   Thumb Code     8  startup_stm32f103xb.o(.text)
    CAN1_RX1_IRQHandler                      0x080001cf   Thumb Code     0  startup_stm32f103xb.o(.text)
    CAN1_SCE_IRQHandler                      0x080001cf   Thumb Code     0  startup_stm32f103xb.o(.text)
    DMA1_Channel1_IRQHandler                 0x080001cf   Thumb Code     0  startup_stm32f103xb.o(.text)
    DMA1_Channel2_IRQHandler                 0x080001cf   Thumb Code     0  startup_stm32f103xb.o(.text)
    DMA1_Channel3_IRQHandler                 0x080001cf   Thumb Code     0  startup_stm32f103xb.o(.text)
    DMA1_Channel4_IRQHandler                 0x080001cf   Thumb Code     0  startup_stm32f103xb.o(.text)
    DMA1_Channel5_IRQHandler                 0x080001cf   Thumb Code     0  startup_stm32f103xb.o(.text)
    DMA1_Channel6_IRQHandler                 0x080001cf   Thumb Code     0  startup_stm32f103xb.o(.text)
    DMA1_Channel7_IRQHandler                 0x080001cf   Thumb Code     0  startup_stm32f103xb.o(.text)
    EXTI0_IRQHandler                         0x080001cf   Thumb Code     0  startup_stm32f103xb.o(.text)
    EXTI15_10_IRQHandler                     0x080001cf   Thumb Code     0  startup_stm32f103xb.o(.text)
    EXTI1_IRQHandler                         0x080001cf   Thumb Code     0  startup_stm32f103xb.o(.text)
    EXTI2_IRQHandler                         0x080001cf   Thumb Code     0  startup_stm32f103xb.o(.text)
    EXTI3_IRQHandler                         0x080001cf   Thumb Code     0  startup_stm32f103xb.o(.text)
    EXTI9_5_IRQHandler                       0x080001cf   Thumb Code     0  startup_stm32f103xb.o(.text)
    FLASH_IRQHandler                         0x080001cf   Thumb Code     0  startup_stm32f103xb.o(.text)
    I2C1_ER_IRQHandler                       0x080001cf   Thumb Code     0  startup_stm32f103xb.o(.text)
    I2C1_EV_IRQHandler                       0x080001cf   Thumb Code     0  startup_stm32f103xb.o(.text)
    I2C2_ER_IRQHandler                       0x080001cf   Thumb Code     0  startup_stm32f103xb.o(.text)
    I2C2_EV_IRQHandler                       0x080001cf   Thumb Code     0  startup_stm32f103xb.o(.text)
    PVD_IRQHandler                           0x080001cf   Thumb Code     0  startup_stm32f103xb.o(.text)
    RCC_IRQHandler                           0x080001cf   Thumb Code     0  startup_stm32f103xb.o(.text)
    RTC_Alarm_IRQHandler                     0x080001cf   Thumb Code     0  startup_stm32f103xb.o(.text)
    RTC_IRQHandler                           0x080001cf   Thumb Code     0  startup_stm32f103xb.o(.text)
    SPI1_IRQHandler                          0x080001cf   Thumb Code     0  startup_stm32f103xb.o(.text)
    SPI2_IRQHandler                          0x080001cf   Thumb Code     0  startup_stm32f103xb.o(.text)
    TAMPER_IRQHandler                        0x080001cf   Thumb Code     0  startup_stm32f103xb.o(.text)
    TIM1_BRK_IRQHandler                      0x080001cf   Thumb Code     0  startup_stm32f103xb.o(.text)
    TIM1_CC_IRQHandler                       0x080001cf   Thumb Code     0  startup_stm32f103xb.o(.text)
    TIM1_TRG_COM_IRQHandler                  0x080001cf   Thumb Code     0  startup_stm32f103xb.o(.text)
    TIM3_IRQHandler                          0x080001cf   Thumb Code     0  startup_stm32f103xb.o(.text)
    USART1_IRQHandler                        0x080001cf   Thumb Code     0  startup_stm32f103xb.o(.text)
    USART2_IRQHandler                        0x080001cf   Thumb Code     0  startup_stm32f103xb.o(.text)
    USART3_IRQHandler                        0x080001cf   Thumb Code     0  startup_stm32f103xb.o(.text)
    USBWakeUp_IRQHandler                     0x080001cf   Thumb Code     0  startup_stm32f103xb.o(.text)
    USB_HP_CAN1_TX_IRQHandler                0x080001cf   Thumb Code     0  startup_stm32f103xb.o(.text)
    USB_LP_CAN1_RX0_IRQHandler               0x080001cf   Thumb Code     0  startup_stm32f103xb.o(.text)
    WWDG_IRQHandler                          0x080001cf   Thumb Code     0  startup_stm32f103xb.o(.text)
    __user_initial_stackheap                 0x080001d1   Thumb Code     0  startup_stm32f103xb.o(.text)
    __aeabi_memclr4                          0x080001f5   Thumb Code     0  rt_memclr_w.o(.text)
    __aeabi_memclr8                          0x080001f5   Thumb Code     0  rt_memclr_w.o(.text)
    __rt_memclr_w                            0x080001f5   Thumb Code     0  rt_memclr_w.o(.text)
    _memset_w                                0x080001f9   Thumb Code    74  rt_memclr_w.o(.text)
    __use_two_region_memory                  0x08000243   Thumb Code     2  heapauxi.o(.text)
    __rt_heap_escrow$2region                 0x08000245   Thumb Code     2  heapauxi.o(.text)
    __rt_heap_expand$2region                 0x08000247   Thumb Code     2  heapauxi.o(.text)
    __user_setup_stackheap                   0x08000249   Thumb Code    74  sys_stackheap_outer.o(.text)
    exit                                     0x08000293   Thumb Code    18  exit.o(.text)
    __user_libspace                          0x080002a5   Thumb Code     8  libspace.o(.text)
    __user_perproc_libspace                  0x080002a5   Thumb Code     0  libspace.o(.text)
    __user_perthread_libspace                0x080002a5   Thumb Code     0  libspace.o(.text)
    _sys_exit                                0x080002ad   Thumb Code     8  sys_exit.o(.text)
    __I$use$semihosting                      0x080002b9   Thumb Code     0  use_no_semi.o(.text)
    __use_no_semihosting_swi                 0x080002b9   Thumb Code     2  use_no_semi.o(.text)
    __semihosting_library_function           0x080002bb   Thumb Code     0  indicate_semi.o(.text)
    ADC1_2_IRQHandler                        0x080002bd   Thumb Code    16  stm32f1xx_it.o(.text.ADC1_2_IRQHandler)
    ADC_ConversionStop_Disable               0x080002cd   Thumb Code   130  stm32f1xx_hal_adc.o(.text.ADC_ConversionStop_Disable)
    ADC_Enable                               0x08000351   Thumb Code   188  stm32f1xx_hal_adc.o(.text.ADC_Enable)
    BusFault_Handler                         0x0800040d   Thumb Code     4  stm32f1xx_it.o(.text.BusFault_Handler)
    CalculateCounts                          0x08000411   Thumb Code   110  main.o(.text.CalculateCounts)
    DebugMon_Handler                         0x08000481   Thumb Code     2  stm32f1xx_it.o(.text.DebugMon_Handler)
    EXTI4_IRQHandler                         0x08000485   Thumb Code    10  stm32f1xx_it.o(.text.EXTI4_IRQHandler)
    Error_Handler                            0x08000491   Thumb Code    54  main.o(.text.Error_Handler)
    HAL_ADCEx_Calibration_Start              0x080004c9   Thumb Code   394  stm32f1xx_hal_adc_ex.o(.text.HAL_ADCEx_Calibration_Start)
    HAL_ADCEx_InjectedConvCpltCallback       0x08000655   Thumb Code     8  stm32f1xx_hal_adc_ex.o(.text.HAL_ADCEx_InjectedConvCpltCallback)
    HAL_ADC_ConfigChannel                    0x0800065d   Thumb Code   436  stm32f1xx_hal_adc.o(.text.HAL_ADC_ConfigChannel)
    HAL_ADC_ConvCpltCallback                 0x08000811   Thumb Code     8  stm32f1xx_hal_adc.o(.text.HAL_ADC_ConvCpltCallback)
    HAL_ADC_GetValue                         0x08000819   Thumb Code    14  stm32f1xx_hal_adc.o(.text.HAL_ADC_GetValue)
    HAL_ADC_IRQHandler                       0x08000829   Thumb Code   394  stm32f1xx_hal_adc.o(.text.HAL_ADC_IRQHandler)
    HAL_ADC_Init                             0x080009b5   Thumb Code   530  stm32f1xx_hal_adc.o(.text.HAL_ADC_Init)
    HAL_ADC_LevelOutOfWindowCallback         0x08000bc9   Thumb Code     8  stm32f1xx_hal_adc.o(.text.HAL_ADC_LevelOutOfWindowCallback)
    HAL_ADC_MspInit                          0x08000bd1   Thumb Code   140  adc.o(.text.HAL_ADC_MspInit)
    HAL_ADC_Start                            0x08000c5d   Thumb Code   438  stm32f1xx_hal_adc.o(.text.HAL_ADC_Start)
    HAL_Delay                                0x08000e15   Thumb Code    66  stm32f1xx_hal.o(.text.HAL_Delay)
    HAL_GPIO_EXTI_Callback                   0x08000e59   Thumb Code    22  main.o(.text.HAL_GPIO_EXTI_Callback)
    HAL_GPIO_EXTI_IRQHandler                 0x08000e71   Thumb Code    56  stm32f1xx_hal_gpio.o(.text.HAL_GPIO_EXTI_IRQHandler)
    HAL_GPIO_Init                            0x08000ea9   Thumb Code   798  stm32f1xx_hal_gpio.o(.text.HAL_GPIO_Init)
    HAL_GPIO_WritePin                        0x080011c9   Thumb Code    46  stm32f1xx_hal_gpio.o(.text.HAL_GPIO_WritePin)
    HAL_GetTick                              0x080011f9   Thumb Code    12  stm32f1xx_hal.o(.text.HAL_GetTick)
    HAL_IncTick                              0x08001205   Thumb Code    26  stm32f1xx_hal.o(.text.HAL_IncTick)
    HAL_Init                                 0x08001221   Thumb Code    38  stm32f1xx_hal.o(.text.HAL_Init)
    HAL_InitTick                             0x08001249   Thumb Code   112  stm32f1xx_hal.o(.text.HAL_InitTick)
    HAL_MspInit                              0x080012b9   Thumb Code   100  stm32f1xx_hal_msp.o(.text.HAL_MspInit)
    HAL_NVIC_DisableIRQ                      0x0800131d   Thumb Code    20  stm32f1xx_hal_cortex.o(.text.HAL_NVIC_DisableIRQ)
    HAL_NVIC_EnableIRQ                       0x08001331   Thumb Code    20  stm32f1xx_hal_cortex.o(.text.HAL_NVIC_EnableIRQ)
    HAL_NVIC_SetPriority                     0x08001345   Thumb Code    50  stm32f1xx_hal_cortex.o(.text.HAL_NVIC_SetPriority)
    HAL_NVIC_SetPriorityGrouping             0x08001379   Thumb Code    16  stm32f1xx_hal_cortex.o(.text.HAL_NVIC_SetPriorityGrouping)
    HAL_RCCEx_GetPeriphCLKFreq               0x08001389   Thumb Code   406  stm32f1xx_hal_rcc_ex.o(.text.HAL_RCCEx_GetPeriphCLKFreq)
    HAL_RCCEx_PeriphCLKConfig                0x08001521   Thumb Code   456  stm32f1xx_hal_rcc_ex.o(.text.HAL_RCCEx_PeriphCLKConfig)
    HAL_RCC_ClockConfig                      0x080016e9   Thumb Code   598  stm32f1xx_hal_rcc.o(.text.HAL_RCC_ClockConfig)
    HAL_RCC_GetHCLKFreq                      0x08001941   Thumb Code    12  stm32f1xx_hal_rcc.o(.text.HAL_RCC_GetHCLKFreq)
    HAL_RCC_GetPCLK2Freq                     0x0800194d   Thumb Code    34  stm32f1xx_hal_rcc.o(.text.HAL_RCC_GetPCLK2Freq)
    HAL_RCC_GetSysClockFreq                  0x08001971   Thumb Code   188  stm32f1xx_hal_rcc.o(.text.HAL_RCC_GetSysClockFreq)
    HAL_RCC_MCOConfig                        0x08001a2d   Thumb Code   104  stm32f1xx_hal_rcc.o(.text.HAL_RCC_MCOConfig)
    HAL_RCC_OscConfig                        0x08001a95   Thumb Code  1658  stm32f1xx_hal_rcc.o(.text.HAL_RCC_OscConfig)
    HAL_SYSTICK_Config                       0x08002111   Thumb Code    16  stm32f1xx_hal_cortex.o(.text.HAL_SYSTICK_Config)
    HAL_TIMEx_BreakCallback                  0x08002121   Thumb Code     8  stm32f1xx_hal_tim_ex.o(.text.HAL_TIMEx_BreakCallback)
    HAL_TIMEx_CommutCallback                 0x08002129   Thumb Code     8  stm32f1xx_hal_tim_ex.o(.text.HAL_TIMEx_CommutCallback)
    HAL_TIMEx_MasterConfigSynchronization    0x08002131   Thumb Code   220  stm32f1xx_hal_tim_ex.o(.text.HAL_TIMEx_MasterConfigSynchronization)
    HAL_TIM_Base_GetState                    0x0800220d   Thumb Code    14  stm32f1xx_hal_tim.o(.text.HAL_TIM_Base_GetState)
    HAL_TIM_Base_Init                        0x0800221d   Thumb Code   156  stm32f1xx_hal_tim.o(.text.HAL_TIM_Base_Init)
    HAL_TIM_Base_MspInit                     0x080022b9   Thumb Code   194  tim.o(.text.HAL_TIM_Base_MspInit)
    HAL_TIM_Base_Start                       0x0800237d   Thumb Code   164  stm32f1xx_hal_tim.o(.text.HAL_TIM_Base_Start)
    HAL_TIM_Base_Start_IT                    0x08002421   Thumb Code   176  stm32f1xx_hal_tim.o(.text.HAL_TIM_Base_Start_IT)
    HAL_TIM_Base_Stop                        0x080024d1   Thumb Code    70  stm32f1xx_hal_tim.o(.text.HAL_TIM_Base_Stop)
    HAL_TIM_ConfigClockSource                0x08002519   Thumb Code   388  stm32f1xx_hal_tim.o(.text.HAL_TIM_ConfigClockSource)
    HAL_TIM_IC_CaptureCallback               0x0800269d   Thumb Code     8  stm32f1xx_hal_tim.o(.text.HAL_TIM_IC_CaptureCallback)
    HAL_TIM_IC_MspInit                       0x080026a5   Thumb Code     8  stm32f1xx_hal_tim.o(.text.HAL_TIM_IC_MspInit)
    HAL_TIM_IRQHandler                       0x080026ad   Thumb Code   538  stm32f1xx_hal_tim.o(.text.HAL_TIM_IRQHandler)
    HAL_TIM_MspPostInit                      0x080028c9   Thumb Code    94  tim.o(.text.HAL_TIM_MspPostInit)
    HAL_TIM_OC_ConfigChannel                 0x08002929   Thumb Code   164  stm32f1xx_hal_tim.o(.text.HAL_TIM_OC_ConfigChannel)
    HAL_TIM_OC_DelayElapsedCallback          0x080029cd   Thumb Code     8  stm32f1xx_hal_tim.o(.text.HAL_TIM_OC_DelayElapsedCallback)
    HAL_TIM_OC_Init                          0x080029d5   Thumb Code   156  stm32f1xx_hal_tim.o(.text.HAL_TIM_OC_Init)
    HAL_TIM_OC_MspInit                       0x08002a71   Thumb Code     8  stm32f1xx_hal_tim.o(.text.HAL_TIM_OC_MspInit)
    HAL_TIM_PWM_ConfigChannel                0x08002a79   Thumb Code   322  stm32f1xx_hal_tim.o(.text.HAL_TIM_PWM_ConfigChannel)
    HAL_TIM_PWM_Init                         0x08002bbd   Thumb Code   156  stm32f1xx_hal_tim.o(.text.HAL_TIM_PWM_Init)
    HAL_TIM_PWM_MspInit                      0x08002c59   Thumb Code    78  tim.o(.text.HAL_TIM_PWM_MspInit)
    HAL_TIM_PWM_PulseFinishedCallback        0x08002ca9   Thumb Code     8  stm32f1xx_hal_tim.o(.text.HAL_TIM_PWM_PulseFinishedCallback)
    HAL_TIM_PWM_Start                        0x08002cb1   Thumb Code   352  stm32f1xx_hal_tim.o(.text.HAL_TIM_PWM_Start)
    HAL_TIM_PWM_Stop                         0x08002e11   Thumb Code   228  stm32f1xx_hal_tim.o(.text.HAL_TIM_PWM_Stop)
    HAL_TIM_PeriodElapsedCallback            0x08002ef5   Thumb Code   410  main.o(.text.HAL_TIM_PeriodElapsedCallback)
    HAL_TIM_TriggerCallback                  0x08003091   Thumb Code     8  stm32f1xx_hal_tim.o(.text.HAL_TIM_TriggerCallback)
    HardFault_Handler                        0x08003099   Thumb Code     4  stm32f1xx_it.o(.text.HardFault_Handler)
    MX_ADC1_Init                             0x0800309d   Thumb Code   104  adc.o(.text.MX_ADC1_Init)
    MX_GPIO_Init                             0x08003105   Thumb Code   382  gpio.o(.text.MX_GPIO_Init)
    MX_TIM1_Init                             0x08003285   Thumb Code   138  tim.o(.text.MX_TIM1_Init)
    MX_TIM2_Init                             0x08003311   Thumb Code   240  tim.o(.text.MX_TIM2_Init)
    MX_TIM3_Init                             0x08003401   Thumb Code   144  tim.o(.text.MX_TIM3_Init)
    MX_TIM4_Init                             0x08003491   Thumb Code   192  tim.o(.text.MX_TIM4_Init)
    MemManage_Handler                        0x08003551   Thumb Code     4  stm32f1xx_it.o(.text.MemManage_Handler)
    NMI_Handler                              0x08003555   Thumb Code     4  stm32f1xx_it.o(.text.NMI_Handler)
    OLED_Clear                               0x080035c5   Thumb Code    90  oled.o(.text.OLED_Clear)
    OLED_GPIO_Init                           0x08003621   Thumb Code   120  oled.o(.text.OLED_GPIO_Init)
    OLED_I2C_SendByte                        0x08003699   Thumb Code   184  oled.o(.text.OLED_I2C_SendByte)
    OLED_I2C_Start                           0x08003751   Thumb Code    68  oled.o(.text.OLED_I2C_Start)
    OLED_I2C_Stop                            0x08003795   Thumb Code    68  oled.o(.text.OLED_I2C_Stop)
    OLED_Init                                0x080037d9   Thumb Code   156  oled.o(.text.OLED_Init)
    OLED_Pow                                 0x08003875   Thumb Code    38  oled.o(.text.OLED_Pow)
    OLED_SetCursor                           0x0800389d   Thumb Code    52  oled.o(.text.OLED_SetCursor)
    OLED_ShowChar                            0x080038d1   Thumb Code   212  oled.o(.text.OLED_ShowChar)
    OLED_ShowFloat                           0x080039a5   Thumb Code   134  oled.o(.text.OLED_ShowFloat)
    OLED_ShowNum                             0x08003a2d   Thumb Code   138  oled.o(.text.OLED_ShowNum)
    OLED_ShowString                          0x08003ab9   Thumb Code    74  oled.o(.text.OLED_ShowString)
    OLED_WriteCommand                        0x08003b05   Thumb Code    40  oled.o(.text.OLED_WriteCommand)
    OLED_WriteData                           0x08003b2d   Thumb Code    40  oled.o(.text.OLED_WriteData)
    PendSV_Handler                           0x08003b55   Thumb Code     2  stm32f1xx_it.o(.text.PendSV_Handler)
    SVC_Handler                              0x08003b95   Thumb Code     2  stm32f1xx_it.o(.text.SVC_Handler)
    SysTick_Handler                          0x08003bed   Thumb Code     8  stm32f1xx_it.o(.text.SysTick_Handler)
    SystemClock_Config                       0x08003bf5   Thumb Code   156  main.o(.text.SystemClock_Config)
    SystemInit                               0x08003c91   Thumb Code     2  system_stm32f1xx.o(.text.SystemInit)
    TIM1_UP_IRQHandler                       0x08003c95   Thumb Code    16  stm32f1xx_it.o(.text.TIM1_UP_IRQHandler)
    TIM2_IRQHandler                          0x08003ca5   Thumb Code    16  stm32f1xx_it.o(.text.TIM2_IRQHandler)
    TIM4_IRQHandler                          0x08003cb5   Thumb Code    16  stm32f1xx_it.o(.text.TIM4_IRQHandler)
    TIM_Base_SetConfig                       0x08003cc5   Thumb Code   262  stm32f1xx_hal_tim.o(.text.TIM_Base_SetConfig)
    TIM_CCxChannelCmd                        0x08003dcd   Thumb Code    54  stm32f1xx_hal_tim.o(.text.TIM_CCxChannelCmd)
    TIM_ETR_SetConfig                        0x08003e05   Thumb Code    52  stm32f1xx_hal_tim.o(.text.TIM_ETR_SetConfig)
    TIM_OC2_SetConfig                        0x08003f35   Thumb Code   216  stm32f1xx_hal_tim.o(.text.TIM_OC2_SetConfig)
    UsageFault_Handler                       0x08004221   Thumb Code     4  stm32f1xx_it.o(.text.UsageFault_Handler)
    beep                                     0x0800431d   Thumb Code    72  main.o(.text.beep)
    control_leds                             0x08004365   Thumb Code    84  main.o(.text.control_leds)
    light_up_leds                            0x080043b9   Thumb Code   274  main.o(.text.light_up_leds)
    light_up_leds_one_by_one                 0x080044cd   Thumb Code   132  main.o(.text.light_up_leds_one_by_one)
    main                                     0x08004551   Thumb Code  2424  main.o(.text.main)
    turn_off_all_leds                        0x08004ec9   Thumb Code   132  main.o(.text.turn_off_all_leds)
    __aeabi_d2f                              0x08004f4d   Thumb Code     0  d2f.o(x$fpl$d2f)
    _d2f                                     0x08004f4d   Thumb Code    98  d2f.o(x$fpl$d2f)
    __aeabi_dadd                             0x08004fb1   Thumb Code     0  daddsub_clz.o(x$fpl$dadd)
    _dadd                                    0x08004fb1   Thumb Code   332  daddsub_clz.o(x$fpl$dadd)
    __aeabi_ddiv                             0x08005101   Thumb Code     0  ddiv.o(x$fpl$ddiv)
    _ddiv                                    0x08005101   Thumb Code   560  ddiv.o(x$fpl$ddiv)
    __aeabi_d2iz                             0x080053b9   Thumb Code     0  dfix.o(x$fpl$dfix)
    _dfix                                    0x080053b9   Thumb Code    94  dfix.o(x$fpl$dfix)
    __aeabi_dmul                             0x08005419   Thumb Code     0  dmul.o(x$fpl$dmul)
    _dmul                                    0x08005419   Thumb Code   332  dmul.o(x$fpl$dmul)
    __fpl_dnaninf                            0x0800556d   Thumb Code   156  dnaninf.o(x$fpl$dnaninf)
    __fpl_dretinf                            0x08005609   Thumb Code    12  dretinf.o(x$fpl$dretinf)
    __aeabi_dsub                             0x08005615   Thumb Code     0  daddsub_clz.o(x$fpl$dsub)
    _dsub                                    0x08005615   Thumb Code   472  daddsub_clz.o(x$fpl$dsub)
    __aeabi_f2d                              0x080057f1   Thumb Code     0  f2d.o(x$fpl$f2d)
    _f2d                                     0x080057f1   Thumb Code    86  f2d.o(x$fpl$f2d)
    __aeabi_fadd                             0x08005849   Thumb Code     0  faddsub_clz.o(x$fpl$fadd)
    _fadd                                    0x08005849   Thumb Code   196  faddsub_clz.o(x$fpl$fadd)
    __aeabi_fcmpeq                           0x0800590d   Thumb Code     0  fcmp.o(x$fpl$fcmp)
    _feq                                     0x0800590d   Thumb Code    14  fcmp.o(x$fpl$fcmp)
    _fneq                                    0x0800591b   Thumb Code    14  fcmp.o(x$fpl$fcmp)
    __aeabi_fcmpgt                           0x08005929   Thumb Code     0  fcmp.o(x$fpl$fcmp)
    _fgr                                     0x08005929   Thumb Code    14  fcmp.o(x$fpl$fcmp)
    __aeabi_fcmpge                           0x08005937   Thumb Code     0  fcmp.o(x$fpl$fcmp)
    _fgeq                                    0x08005937   Thumb Code    14  fcmp.o(x$fpl$fcmp)
    __aeabi_fcmple                           0x08005945   Thumb Code     0  fcmp.o(x$fpl$fcmp)
    _fleq                                    0x08005945   Thumb Code    14  fcmp.o(x$fpl$fcmp)
    __aeabi_fcmplt                           0x08005953   Thumb Code     0  fcmp.o(x$fpl$fcmp)
    _fls                                     0x08005953   Thumb Code    14  fcmp.o(x$fpl$fcmp)
    __fpl_fcmp_Inf                           0x08005961   Thumb Code    24  fcmpi.o(x$fpl$fcmpinf)
    __aeabi_fdiv                             0x08005979   Thumb Code     0  fdiv.o(x$fpl$fdiv)
    _fdiv                                    0x08005979   Thumb Code   384  fdiv.o(x$fpl$fdiv)
    __aeabi_cfcmpeq                          0x08005afd   Thumb Code     0  feqf.o(x$fpl$feqf)
    _fcmpeq                                  0x08005afd   Thumb Code   104  feqf.o(x$fpl$feqf)
    __aeabi_f2uiz                            0x08005b65   Thumb Code     0  ffixu.o(x$fpl$ffixu)
    _ffixu                                   0x08005b65   Thumb Code    62  ffixu.o(x$fpl$ffixu)
    __aeabi_i2f                              0x08005ba5   Thumb Code     0  fflt_clz.o(x$fpl$fflt)
    _fflt                                    0x08005ba5   Thumb Code    48  fflt_clz.o(x$fpl$fflt)
    __aeabi_ui2f                             0x08005bd5   Thumb Code     0  fflt_clz.o(x$fpl$ffltu)
    _ffltu                                   0x08005bd5   Thumb Code    38  fflt_clz.o(x$fpl$ffltu)
    _fcmpge                                  0x08005bfd   Thumb Code   104  fgeqf.o(x$fpl$fgeqf)
    __aeabi_cfcmple                          0x08005c65   Thumb Code     0  fleqf.o(x$fpl$fleqf)
    _fcmple                                  0x08005c65   Thumb Code   104  fleqf.o(x$fpl$fleqf)
    __fpl_fcmple_InfNaN                      0x08005cb7   Thumb Code     0  fleqf.o(x$fpl$fleqf)
    __aeabi_fmul                             0x08005ccd   Thumb Code     0  fmul.o(x$fpl$fmul)
    _fmul                                    0x08005ccd   Thumb Code   258  fmul.o(x$fpl$fmul)
    __fpl_fnaninf                            0x08005dcf   Thumb Code   140  fnaninf.o(x$fpl$fnaninf)
    __fpl_fretinf                            0x08005e5b   Thumb Code    10  fretinf.o(x$fpl$fretinf)
    __aeabi_fsub                             0x08005e65   Thumb Code     0  faddsub_clz.o(x$fpl$fsub)
    _fsub                                    0x08005e65   Thumb Code   234  faddsub_clz.o(x$fpl$fsub)
    AHBPrescTable                            0x08005f4e   Data          16  system_stm32f1xx.o(.rodata.AHBPrescTable)
    __I$use$fp                               0x08005f4e   Number         0  usenofp.o(x$fpl$usenofp)
    APBPrescTable                            0x08005f5e   Data           8  system_stm32f1xx.o(.rodata.APBPrescTable)
    OLED_F8x16                               0x08005f8a   Data        1520  oled.o(.rodata.OLED_F8x16)
    Region$$Table$$Base                      0x080065b0   Number         0  anon$$obj.o(Region$$Table)
    Region$$Table$$Limit                     0x080065d0   Number         0  anon$$obj.o(Region$$Table)
    SystemCoreClock                          0x20000000   Data           4  system_stm32f1xx.o(.data.SystemCoreClock)
    flag_NoSig                               0x20000004   Data           1  main.o(.data.flag_NoSig)
    high_time_ms                             0x20000008   Data           4  main.o(.data.high_time_ms)
    low_time_ms                              0x2000000c   Data           4  main.o(.data.low_time_ms)
    uwTickFreq                               0x20000010   Data           1  stm32f1xx_hal.o(.data.uwTickFreq)
    uwTickPrio                               0x20000014   Data           4  stm32f1xx_hal.o(.data.uwTickPrio)
    velocity                                 0x20000018   Data           2  main.o(.data.velocity)
    __libspace_start                         0x20000020   Data          96  libspace.o(.bss)
    Counter                                  0x20000080   Data           4  main.o(.bss.Counter)
    __temporary_stack_top$libspace           0x20000080   Data           0  libspace.o(.bss)
    HighCounts                               0x20000084   Data           4  main.o(.bss.HighCounts)
    IsHigh                                   0x20000088   Data           1  main.o(.bss.IsHigh)
    LowCounts                                0x2000008c   Data           4  main.o(.bss.LowCounts)
    counter1                                 0x20000090   Data           4  main.o(.bss.counter1)
    flag                                     0x2000009c   Data           1  main.o(.bss.flag)
    flag_led                                 0x2000009d   Data           1  main.o(.bss.flag_led)
    hadc1                                    0x200000a0   Data          48  adc.o(.bss.hadc1)
    htim1                                    0x200000d0   Data          72  tim.o(.bss.htim1)
    htim2                                    0x20000118   Data          72  tim.o(.bss.htim2)
    htim3                                    0x20000160   Data          72  tim.o(.bss.htim3)
    htim4                                    0x200001a8   Data          72  tim.o(.bss.htim4)
    i                                        0x200001f0   Data           4  main.o(.bss.i)
    n                                        0x200001f4   Data           1  main.o(.bss.n)
    pulse_count                              0x200001f8   Data           4  main.o(.bss.pulse_count)
    pulse_target                             0x200001fc   Data           4  main.o(.bss.pulse_target)
    temp                                     0x20000200   Data           2  main.o(.bss.temp)
    timeInterval                             0x20000204   Data           4  main.o(.bss.timeInterval)
    uwTick                                   0x20000208   Data           4  stm32f1xx_hal.o(.bss.uwTick)



==============================================================================

Memory Map of the image

  Image Entry point : 0x080000ed

  Load Region LR_IROM1 (Base: 0x08000000, Size: 0x000065f0, Max: 0x00010000, ABSOLUTE)

    Execution Region ER_IROM1 (Exec base: 0x08000000, Load base: 0x08000000, Size: 0x000065d0, Max: 0x00010000, ABSOLUTE)

    Exec Addr    Load Addr    Size         Type   Attr      Idx    E Section Name        Object

    0x08000000   0x08000000   0x000000ec   Data   RO            3    RESET               startup_stm32f103xb.o
    0x080000ec   0x080000ec   0x00000008   Code   RO         1084  * !!!main             c_w.l(__main.o)
    0x080000f4   0x080000f4   0x0000005c   Code   RO         1485    !!!scatter          c_w.l(__scatter.o)
    0x08000150   0x08000150   0x0000001a   Code   RO         1489    !!handler_copy      c_w.l(__scatter_copy.o)
    0x0800016a   0x0800016a   0x00000002   PAD
    0x0800016c   0x0800016c   0x00000002   Code   RO         1486    !!handler_null      c_w.l(__scatter.o)
    0x0800016e   0x0800016e   0x00000002   PAD
    0x08000170   0x08000170   0x0000001c   Code   RO         1491    !!handler_zi        c_w.l(__scatter_zi.o)
    0x0800018c   0x0800018c   0x00000002   Code   RO         1334    .ARM.Collect$$libinit$$00000000  c_w.l(libinit.o)
    0x0800018e   0x0800018e   0x00000000   Code   RO         1352    .ARM.Collect$$libinit$$00000002  c_w.l(libinit2.o)
    0x0800018e   0x0800018e   0x00000000   Code   RO         1354    .ARM.Collect$$libinit$$00000004  c_w.l(libinit2.o)
    0x0800018e   0x0800018e   0x00000000   Code   RO         1356    .ARM.Collect$$libinit$$00000006  c_w.l(libinit2.o)
    0x0800018e   0x0800018e   0x00000000   Code   RO         1359    .ARM.Collect$$libinit$$0000000C  c_w.l(libinit2.o)
    0x0800018e   0x0800018e   0x00000000   Code   RO         1361    .ARM.Collect$$libinit$$0000000E  c_w.l(libinit2.o)
    0x0800018e   0x0800018e   0x00000000   Code   RO         1363    .ARM.Collect$$libinit$$00000010  c_w.l(libinit2.o)
    0x0800018e   0x0800018e   0x00000000   Code   RO         1366    .ARM.Collect$$libinit$$00000013  c_w.l(libinit2.o)
    0x0800018e   0x0800018e   0x00000000   Code   RO         1368    .ARM.Collect$$libinit$$00000015  c_w.l(libinit2.o)
    0x0800018e   0x0800018e   0x00000000   Code   RO         1370    .ARM.Collect$$libinit$$00000017  c_w.l(libinit2.o)
    0x0800018e   0x0800018e   0x00000000   Code   RO         1372    .ARM.Collect$$libinit$$00000019  c_w.l(libinit2.o)
    0x0800018e   0x0800018e   0x00000000   Code   RO         1374    .ARM.Collect$$libinit$$0000001B  c_w.l(libinit2.o)
    0x0800018e   0x0800018e   0x00000000   Code   RO         1376    .ARM.Collect$$libinit$$0000001D  c_w.l(libinit2.o)
    0x0800018e   0x0800018e   0x00000000   Code   RO         1378    .ARM.Collect$$libinit$$0000001F  c_w.l(libinit2.o)
    0x0800018e   0x0800018e   0x00000000   Code   RO         1380    .ARM.Collect$$libinit$$00000021  c_w.l(libinit2.o)
    0x0800018e   0x0800018e   0x00000000   Code   RO         1382    .ARM.Collect$$libinit$$00000023  c_w.l(libinit2.o)
    0x0800018e   0x0800018e   0x00000000   Code   RO         1384    .ARM.Collect$$libinit$$00000025  c_w.l(libinit2.o)
    0x0800018e   0x0800018e   0x00000000   Code   RO         1386    .ARM.Collect$$libinit$$00000027  c_w.l(libinit2.o)
    0x0800018e   0x0800018e   0x00000000   Code   RO         1390    .ARM.Collect$$libinit$$0000002E  c_w.l(libinit2.o)
    0x0800018e   0x0800018e   0x00000000   Code   RO         1392    .ARM.Collect$$libinit$$00000030  c_w.l(libinit2.o)
    0x0800018e   0x0800018e   0x00000000   Code   RO         1394    .ARM.Collect$$libinit$$00000032  c_w.l(libinit2.o)
    0x0800018e   0x0800018e   0x00000000   Code   RO         1396    .ARM.Collect$$libinit$$00000034  c_w.l(libinit2.o)
    0x0800018e   0x0800018e   0x00000002   Code   RO         1397    .ARM.Collect$$libinit$$00000035  c_w.l(libinit2.o)
    0x08000190   0x08000190   0x00000002   Code   RO         1421    .ARM.Collect$$libshutdown$$00000000  c_w.l(libshutdown.o)
    0x08000192   0x08000192   0x00000000   Code   RO         1436    .ARM.Collect$$libshutdown$$00000002  c_w.l(libshutdown2.o)
    0x08000192   0x08000192   0x00000000   Code   RO         1438    .ARM.Collect$$libshutdown$$00000004  c_w.l(libshutdown2.o)
    0x08000192   0x08000192   0x00000000   Code   RO         1441    .ARM.Collect$$libshutdown$$00000007  c_w.l(libshutdown2.o)
    0x08000192   0x08000192   0x00000000   Code   RO         1444    .ARM.Collect$$libshutdown$$0000000A  c_w.l(libshutdown2.o)
    0x08000192   0x08000192   0x00000000   Code   RO         1446    .ARM.Collect$$libshutdown$$0000000C  c_w.l(libshutdown2.o)
    0x08000192   0x08000192   0x00000000   Code   RO         1449    .ARM.Collect$$libshutdown$$0000000F  c_w.l(libshutdown2.o)
    0x08000192   0x08000192   0x00000002   Code   RO         1450    .ARM.Collect$$libshutdown$$00000010  c_w.l(libshutdown2.o)
    0x08000194   0x08000194   0x00000000   Code   RO         1134    .ARM.Collect$$rtentry$$00000000  c_w.l(__rtentry.o)
    0x08000194   0x08000194   0x00000000   Code   RO         1250    .ARM.Collect$$rtentry$$00000002  c_w.l(__rtentry2.o)
    0x08000194   0x08000194   0x00000006   Code   RO         1262    .ARM.Collect$$rtentry$$00000004  c_w.l(__rtentry4.o)
    0x0800019a   0x0800019a   0x00000000   Code   RO         1252    .ARM.Collect$$rtentry$$00000009  c_w.l(__rtentry2.o)
    0x0800019a   0x0800019a   0x00000004   Code   RO         1253    .ARM.Collect$$rtentry$$0000000A  c_w.l(__rtentry2.o)
    0x0800019e   0x0800019e   0x00000000   Code   RO         1255    .ARM.Collect$$rtentry$$0000000C  c_w.l(__rtentry2.o)
    0x0800019e   0x0800019e   0x00000008   Code   RO         1256    .ARM.Collect$$rtentry$$0000000D  c_w.l(__rtentry2.o)
    0x080001a6   0x080001a6   0x00000002   Code   RO         1342    .ARM.Collect$$rtexit$$00000000  c_w.l(rtexit.o)
    0x080001a8   0x080001a8   0x00000000   Code   RO         1399    .ARM.Collect$$rtexit$$00000002  c_w.l(rtexit2.o)
    0x080001a8   0x080001a8   0x00000004   Code   RO         1400    .ARM.Collect$$rtexit$$00000003  c_w.l(rtexit2.o)
    0x080001ac   0x080001ac   0x00000006   Code   RO         1401    .ARM.Collect$$rtexit$$00000004  c_w.l(rtexit2.o)
    0x080001b2   0x080001b2   0x00000002   PAD
    0x080001b4   0x080001b4   0x00000040   Code   RO            4    .text               startup_stm32f103xb.o
    0x080001f4   0x080001f4   0x0000004e   Code   RO         1080    .text               c_w.l(rt_memclr_w.o)
    0x08000242   0x08000242   0x00000006   Code   RO         1082    .text               c_w.l(heapauxi.o)
    0x08000248   0x08000248   0x0000004a   Code   RO         1286    .text               c_w.l(sys_stackheap_outer.o)
    0x08000292   0x08000292   0x00000012   Code   RO         1327    .text               c_w.l(exit.o)
    0x080002a4   0x080002a4   0x00000008   Code   RO         1339    .text               c_w.l(libspace.o)
    0x080002ac   0x080002ac   0x0000000c   Code   RO         1411    .text               c_w.l(sys_exit.o)
    0x080002b8   0x080002b8   0x00000002   Code   RO         1426    .text               c_w.l(use_no_semi.o)
    0x080002ba   0x080002ba   0x00000000   Code   RO         1428    .text               c_w.l(indicate_semi.o)
    0x080002ba   0x080002ba   0x00000002   PAD
    0x080002bc   0x080002bc   0x00000010   Code   RO          143    .text.ADC1_2_IRQHandler  stm32f1xx_it.o
    0x080002cc   0x080002cc   0x00000082   Code   RO          183    .text.ADC_ConversionStop_Disable  stm32f1xx_hal_adc.o
    0x0800034e   0x0800034e   0x00000002   PAD
    0x08000350   0x08000350   0x000000bc   Code   RO          191    .text.ADC_Enable    stm32f1xx_hal_adc.o
    0x0800040c   0x0800040c   0x00000004   Code   RO          129    .text.BusFault_Handler  stm32f1xx_it.o
    0x08000410   0x08000410   0x0000006e   Code   RO           25    .text.CalculateCounts  main.o
    0x0800047e   0x0800047e   0x00000002   PAD
    0x08000480   0x08000480   0x00000002   Code   RO          135    .text.DebugMon_Handler  stm32f1xx_it.o
    0x08000482   0x08000482   0x00000002   PAD
    0x08000484   0x08000484   0x0000000a   Code   RO          141    .text.EXTI4_IRQHandler  stm32f1xx_it.o
    0x0800048e   0x0800048e   0x00000002   PAD
    0x08000490   0x08000490   0x00000036   Code   RO           29    .text.Error_Handler  main.o
    0x080004c6   0x080004c6   0x00000002   PAD
    0x080004c8   0x080004c8   0x0000018a   Code   RO          240    .text.HAL_ADCEx_Calibration_Start  stm32f1xx_hal_adc_ex.o
    0x08000652   0x08000652   0x00000002   PAD
    0x08000654   0x08000654   0x00000008   Code   RO          260    .text.HAL_ADCEx_InjectedConvCpltCallback  stm32f1xx_hal_adc_ex.o
    0x0800065c   0x0800065c   0x000001b4   Code   RO          225    .text.HAL_ADC_ConfigChannel  stm32f1xx_hal_adc.o
    0x08000810   0x08000810   0x00000008   Code   RO          217    .text.HAL_ADC_ConvCpltCallback  stm32f1xx_hal_adc.o
    0x08000818   0x08000818   0x0000000e   Code   RO          213    .text.HAL_ADC_GetValue  stm32f1xx_hal_adc.o
    0x08000826   0x08000826   0x00000002   PAD
    0x08000828   0x08000828   0x0000018a   Code   RO          215    .text.HAL_ADC_IRQHandler  stm32f1xx_hal_adc.o
    0x080009b2   0x080009b2   0x00000002   PAD
    0x080009b4   0x080009b4   0x00000212   Code   RO          179    .text.HAL_ADC_Init  stm32f1xx_hal_adc.o
    0x08000bc6   0x08000bc6   0x00000002   PAD
    0x08000bc8   0x08000bc8   0x00000008   Code   RO          219    .text.HAL_ADC_LevelOutOfWindowCallback  stm32f1xx_hal_adc.o
    0x08000bd0   0x08000bd0   0x0000008c   Code   RO           82    .text.HAL_ADC_MspInit  adc.o
    0x08000c5c   0x08000c5c   0x000001b6   Code   RO          189    .text.HAL_ADC_Start  stm32f1xx_hal_adc.o
    0x08000e12   0x08000e12   0x00000002   PAD
    0x08000e14   0x08000e14   0x00000042   Code   RO          293    .text.HAL_Delay     stm32f1xx_hal.o
    0x08000e56   0x08000e56   0x00000002   PAD
    0x08000e58   0x08000e58   0x00000016   Code   RO           31    .text.HAL_GPIO_EXTI_Callback  main.o
    0x08000e6e   0x08000e6e   0x00000002   PAD
    0x08000e70   0x08000e70   0x00000038   Code   RO          399    .text.HAL_GPIO_EXTI_IRQHandler  stm32f1xx_hal_gpio.o
    0x08000ea8   0x08000ea8   0x0000031e   Code   RO          387    .text.HAL_GPIO_Init  stm32f1xx_hal_gpio.o
    0x080011c6   0x080011c6   0x00000002   PAD
    0x080011c8   0x080011c8   0x0000002e   Code   RO          393    .text.HAL_GPIO_WritePin  stm32f1xx_hal_gpio.o
    0x080011f6   0x080011f6   0x00000002   PAD
    0x080011f8   0x080011f8   0x0000000c   Code   RO          285    .text.HAL_GetTick   stm32f1xx_hal.o
    0x08001204   0x08001204   0x0000001a   Code   RO          283    .text.HAL_IncTick   stm32f1xx_hal.o
    0x0800121e   0x0800121e   0x00000002   PAD
    0x08001220   0x08001220   0x00000026   Code   RO          273    .text.HAL_Init      stm32f1xx_hal.o
    0x08001246   0x08001246   0x00000002   PAD
    0x08001248   0x08001248   0x00000070   Code   RO          275    .text.HAL_InitTick  stm32f1xx_hal.o
    0x080012b8   0x080012b8   0x00000064   Code   RO          158    .text.HAL_MspInit   stm32f1xx_hal_msp.o
    0x0800131c   0x0800131c   0x00000014   Code   RO          459    .text.HAL_NVIC_DisableIRQ  stm32f1xx_hal_cortex.o
    0x08001330   0x08001330   0x00000014   Code   RO          455    .text.HAL_NVIC_EnableIRQ  stm32f1xx_hal_cortex.o
    0x08001344   0x08001344   0x00000032   Code   RO          447    .text.HAL_NVIC_SetPriority  stm32f1xx_hal_cortex.o
    0x08001376   0x08001376   0x00000002   PAD
    0x08001378   0x08001378   0x00000010   Code   RO          443    .text.HAL_NVIC_SetPriorityGrouping  stm32f1xx_hal_cortex.o
    0x08001388   0x08001388   0x00000196   Code   RO          376    .text.HAL_RCCEx_GetPeriphCLKFreq  stm32f1xx_hal_rcc_ex.o
    0x0800151e   0x0800151e   0x00000002   PAD
    0x08001520   0x08001520   0x000001c8   Code   RO          372    .text.HAL_RCCEx_PeriphCLKConfig  stm32f1xx_hal_rcc_ex.o
    0x080016e8   0x080016e8   0x00000256   Code   RO          339    .text.HAL_RCC_ClockConfig  stm32f1xx_hal_rcc.o
    0x0800193e   0x0800193e   0x00000002   PAD
    0x08001940   0x08001940   0x0000000c   Code   RO          349    .text.HAL_RCC_GetHCLKFreq  stm32f1xx_hal_rcc.o
    0x0800194c   0x0800194c   0x00000022   Code   RO          353    .text.HAL_RCC_GetPCLK2Freq  stm32f1xx_hal_rcc.o
    0x0800196e   0x0800196e   0x00000002   PAD
    0x08001970   0x08001970   0x000000bc   Code   RO          341    .text.HAL_RCC_GetSysClockFreq  stm32f1xx_hal_rcc.o
    0x08001a2c   0x08001a2c   0x00000068   Code   RO          343    .text.HAL_RCC_MCOConfig  stm32f1xx_hal_rcc.o
    0x08001a94   0x08001a94   0x0000067a   Code   RO          335    .text.HAL_RCC_OscConfig  stm32f1xx_hal_rcc.o
    0x0800210e   0x0800210e   0x00000002   PAD
    0x08002110   0x08002110   0x00000010   Code   RO          467    .text.HAL_SYSTICK_Config  stm32f1xx_hal_cortex.o
    0x08002120   0x08002120   0x00000008   Code   RO          974    .text.HAL_TIMEx_BreakCallback  stm32f1xx_hal_tim_ex.o
    0x08002128   0x08002128   0x00000008   Code   RO          970    .text.HAL_TIMEx_CommutCallback  stm32f1xx_hal_tim_ex.o
    0x08002130   0x08002130   0x000000dc   Code   RO          964    .text.HAL_TIMEx_MasterConfigSynchronization  stm32f1xx_hal_tim_ex.o
    0x0800220c   0x0800220c   0x0000000e   Code   RO          871    .text.HAL_TIM_Base_GetState  stm32f1xx_hal_tim.o
    0x0800221a   0x0800221a   0x00000002   PAD
    0x0800221c   0x0800221c   0x0000009c   Code   RO          651    .text.HAL_TIM_Base_Init  stm32f1xx_hal_tim.o
    0x080022b8   0x080022b8   0x000000c2   Code   RO          104    .text.HAL_TIM_Base_MspInit  tim.o
    0x0800237a   0x0800237a   0x00000002   PAD
    0x0800237c   0x0800237c   0x000000a4   Code   RO          661    .text.HAL_TIM_Base_Start  stm32f1xx_hal_tim.o
    0x08002420   0x08002420   0x000000b0   Code   RO          665    .text.HAL_TIM_Base_Start_IT  stm32f1xx_hal_tim.o
    0x080024d0   0x080024d0   0x00000046   Code   RO          663    .text.HAL_TIM_Base_Stop  stm32f1xx_hal_tim.o
    0x08002516   0x08002516   0x00000002   PAD
    0x08002518   0x08002518   0x00000184   Code   RO          843    .text.HAL_TIM_ConfigClockSource  stm32f1xx_hal_tim.o
    0x0800269c   0x0800269c   0x00000008   Code   RO          787    .text.HAL_TIM_IC_CaptureCallback  stm32f1xx_hal_tim.o
    0x080026a4   0x080026a4   0x00000008   Code   RO          727    .text.HAL_TIM_IC_MspInit  stm32f1xx_hal_tim.o
    0x080026ac   0x080026ac   0x0000021a   Code   RO          785    .text.HAL_TIM_IRQHandler  stm32f1xx_hal_tim.o
    0x080028c6   0x080028c6   0x00000002   PAD
    0x080028c8   0x080028c8   0x0000005e   Code   RO          102    .text.HAL_TIM_MspPostInit  tim.o
    0x08002926   0x08002926   0x00000002   PAD
    0x08002928   0x08002928   0x000000a4   Code   RO          797    .text.HAL_TIM_OC_ConfigChannel  stm32f1xx_hal_tim.o
    0x080029cc   0x080029cc   0x00000008   Code   RO          789    .text.HAL_TIM_OC_DelayElapsedCallback  stm32f1xx_hal_tim.o
    0x080029d4   0x080029d4   0x0000009c   Code   RO          679    .text.HAL_TIM_OC_Init  stm32f1xx_hal_tim.o
    0x08002a70   0x08002a70   0x00000008   Code   RO          681    .text.HAL_TIM_OC_MspInit  stm32f1xx_hal_tim.o
    0x08002a78   0x08002a78   0x00000142   Code   RO          817    .text.HAL_TIM_PWM_ConfigChannel  stm32f1xx_hal_tim.o
    0x08002bba   0x08002bba   0x00000002   PAD
    0x08002bbc   0x08002bbc   0x0000009c   Code   RO          705    .text.HAL_TIM_PWM_Init  stm32f1xx_hal_tim.o
    0x08002c58   0x08002c58   0x0000004e   Code   RO          106    .text.HAL_TIM_PWM_MspInit  tim.o
    0x08002ca6   0x08002ca6   0x00000002   PAD
    0x08002ca8   0x08002ca8   0x00000008   Code   RO          791    .text.HAL_TIM_PWM_PulseFinishedCallback  stm32f1xx_hal_tim.o
    0x08002cb0   0x08002cb0   0x00000160   Code   RO          713    .text.HAL_TIM_PWM_Start  stm32f1xx_hal_tim.o
    0x08002e10   0x08002e10   0x000000e4   Code   RO          715    .text.HAL_TIM_PWM_Stop  stm32f1xx_hal_tim.o
    0x08002ef4   0x08002ef4   0x0000019a   Code   RO           33    .text.HAL_TIM_PeriodElapsedCallback  main.o
    0x0800308e   0x0800308e   0x00000002   PAD
    0x08003090   0x08003090   0x00000008   Code   RO          795    .text.HAL_TIM_TriggerCallback  stm32f1xx_hal_tim.o
    0x08003098   0x08003098   0x00000004   Code   RO          125    .text.HardFault_Handler  stm32f1xx_it.o
    0x0800309c   0x0800309c   0x00000068   Code   RO           80    .text.MX_ADC1_Init  adc.o
    0x08003104   0x08003104   0x0000017e   Code   RO           72    .text.MX_GPIO_Init  gpio.o
    0x08003282   0x08003282   0x00000002   PAD
    0x08003284   0x08003284   0x0000008a   Code   RO           94    .text.MX_TIM1_Init  tim.o
    0x0800330e   0x0800330e   0x00000002   PAD
    0x08003310   0x08003310   0x000000f0   Code   RO           96    .text.MX_TIM2_Init  tim.o
    0x08003400   0x08003400   0x00000090   Code   RO           98    .text.MX_TIM3_Init  tim.o
    0x08003490   0x08003490   0x000000c0   Code   RO          100    .text.MX_TIM4_Init  tim.o
    0x08003550   0x08003550   0x00000004   Code   RO          127    .text.MemManage_Handler  stm32f1xx_it.o
    0x08003554   0x08003554   0x00000004   Code   RO          123    .text.NMI_Handler   stm32f1xx_it.o
    0x08003558   0x08003558   0x0000006c   Code   RO          453    .text.NVIC_EncodePriority  stm32f1xx_hal_cortex.o
    0x080035c4   0x080035c4   0x0000005a   Code   RO         1015    .text.OLED_Clear    oled.o
    0x0800361e   0x0800361e   0x00000002   PAD
    0x08003620   0x08003620   0x00000078   Code   RO         1001    .text.OLED_GPIO_Init  oled.o
    0x08003698   0x08003698   0x000000b8   Code   RO         1007    .text.OLED_I2C_SendByte  oled.o
    0x08003750   0x08003750   0x00000044   Code   RO         1003    .text.OLED_I2C_Start  oled.o
    0x08003794   0x08003794   0x00000044   Code   RO         1005    .text.OLED_I2C_Stop  oled.o
    0x080037d8   0x080037d8   0x0000009c   Code   RO         1033    .text.OLED_Init     oled.o
    0x08003874   0x08003874   0x00000026   Code   RO         1021    .text.OLED_Pow      oled.o
    0x0800389a   0x0800389a   0x00000002   PAD
    0x0800389c   0x0800389c   0x00000034   Code   RO         1013    .text.OLED_SetCursor  oled.o
    0x080038d0   0x080038d0   0x000000d4   Code   RO         1017    .text.OLED_ShowChar  oled.o
    0x080039a4   0x080039a4   0x00000086   Code   RO         1031    .text.OLED_ShowFloat  oled.o
    0x08003a2a   0x08003a2a   0x00000002   PAD
    0x08003a2c   0x08003a2c   0x0000008a   Code   RO         1023    .text.OLED_ShowNum  oled.o
    0x08003ab6   0x08003ab6   0x00000002   PAD
    0x08003ab8   0x08003ab8   0x0000004a   Code   RO         1019    .text.OLED_ShowString  oled.o
    0x08003b02   0x08003b02   0x00000002   PAD
    0x08003b04   0x08003b04   0x00000028   Code   RO         1009    .text.OLED_WriteCommand  oled.o
    0x08003b2c   0x08003b2c   0x00000028   Code   RO         1011    .text.OLED_WriteData  oled.o
    0x08003b54   0x08003b54   0x00000002   Code   RO          137    .text.PendSV_Handler  stm32f1xx_it.o
    0x08003b56   0x08003b56   0x00000002   PAD
    0x08003b58   0x08003b58   0x0000003a   Code   RO          337    .text.RCC_Delay     stm32f1xx_hal_rcc.o
    0x08003b92   0x08003b92   0x00000002   PAD
    0x08003b94   0x08003b94   0x00000002   Code   RO          133    .text.SVC_Handler   stm32f1xx_it.o
    0x08003b96   0x08003b96   0x00000002   PAD
    0x08003b98   0x08003b98   0x00000052   Code   RO          469    .text.SysTick_Config  stm32f1xx_hal_cortex.o
    0x08003bea   0x08003bea   0x00000002   PAD
    0x08003bec   0x08003bec   0x00000008   Code   RO          139    .text.SysTick_Handler  stm32f1xx_it.o
    0x08003bf4   0x08003bf4   0x0000009c   Code   RO           41    .text.SystemClock_Config  main.o
    0x08003c90   0x08003c90   0x00000002   Code   RO          987    .text.SystemInit    system_stm32f1xx.o
    0x08003c92   0x08003c92   0x00000002   PAD
    0x08003c94   0x08003c94   0x00000010   Code   RO          145    .text.TIM1_UP_IRQHandler  stm32f1xx_it.o
    0x08003ca4   0x08003ca4   0x00000010   Code   RO          147    .text.TIM2_IRQHandler  stm32f1xx_it.o
    0x08003cb4   0x08003cb4   0x00000010   Code   RO          149    .text.TIM4_IRQHandler  stm32f1xx_it.o
    0x08003cc4   0x08003cc4   0x00000106   Code   RO          655    .text.TIM_Base_SetConfig  stm32f1xx_hal_tim.o
    0x08003dca   0x08003dca   0x00000002   PAD
    0x08003dcc   0x08003dcc   0x00000036   Code   RO          689    .text.TIM_CCxChannelCmd  stm32f1xx_hal_tim.o
    0x08003e02   0x08003e02   0x00000002   PAD
    0x08003e04   0x08003e04   0x00000034   Code   RO          841    .text.TIM_ETR_SetConfig  stm32f1xx_hal_tim.o
    0x08003e38   0x08003e38   0x0000002a   Code   RO          847    .text.TIM_ITRx_SetConfig  stm32f1xx_hal_tim.o
    0x08003e62   0x08003e62   0x00000002   PAD
    0x08003e64   0x08003e64   0x000000ce   Code   RO          799    .text.TIM_OC1_SetConfig  stm32f1xx_hal_tim.o
    0x08003f32   0x08003f32   0x00000002   PAD
    0x08003f34   0x08003f34   0x000000d8   Code   RO          801    .text.TIM_OC2_SetConfig  stm32f1xx_hal_tim.o
    0x0800400c   0x0800400c   0x000000d6   Code   RO          803    .text.TIM_OC3_SetConfig  stm32f1xx_hal_tim.o
    0x080040e2   0x080040e2   0x00000002   PAD
    0x080040e4   0x080040e4   0x00000096   Code   RO          805    .text.TIM_OC4_SetConfig  stm32f1xx_hal_tim.o
    0x0800417a   0x0800417a   0x00000002   PAD
    0x0800417c   0x0800417c   0x00000050   Code   RO          845    .text.TIM_TI1_ConfigInputStage  stm32f1xx_hal_tim.o
    0x080041cc   0x080041cc   0x00000052   Code   RO          849    .text.TIM_TI2_ConfigInputStage  stm32f1xx_hal_tim.o
    0x0800421e   0x0800421e   0x00000002   PAD
    0x08004220   0x08004220   0x00000004   Code   RO          131    .text.UsageFault_Handler  stm32f1xx_it.o
    0x08004224   0x08004224   0x00000038   Code   RO          461    .text.__NVIC_DisableIRQ  stm32f1xx_hal_cortex.o
    0x0800425c   0x0800425c   0x00000030   Code   RO          457    .text.__NVIC_EnableIRQ  stm32f1xx_hal_cortex.o
    0x0800428c   0x0800428c   0x00000010   Code   RO          449    .text.__NVIC_GetPriorityGrouping  stm32f1xx_hal_cortex.o
    0x0800429c   0x0800429c   0x00000042   Code   RO          451    .text.__NVIC_SetPriority  stm32f1xx_hal_cortex.o
    0x080042de   0x080042de   0x00000002   PAD
    0x080042e0   0x080042e0   0x0000003c   Code   RO          445    .text.__NVIC_SetPriorityGrouping  stm32f1xx_hal_cortex.o
    0x0800431c   0x0800431c   0x00000048   Code   RO           35    .text.beep          main.o
    0x08004364   0x08004364   0x00000054   Code   RO           23    .text.control_leds  main.o
    0x080043b8   0x080043b8   0x00000112   Code   RO           15    .text.light_up_leds  main.o
    0x080044ca   0x080044ca   0x00000002   PAD
    0x080044cc   0x080044cc   0x00000084   Code   RO           19    .text.light_up_leds_one_by_one  main.o
    0x08004550   0x08004550   0x00000978   Code   RO           39    .text.main          main.o
    0x08004ec8   0x08004ec8   0x00000084   Code   RO           17    .text.turn_off_all_leds  main.o
    0x08004f4c   0x08004f4c   0x00000062   Code   RO         1086    x$fpl$d2f           fz_ws.l(d2f.o)
    0x08004fae   0x08004fae   0x00000002   PAD
    0x08004fb0   0x08004fb0   0x00000150   Code   RO         1088    x$fpl$dadd          fz_ws.l(daddsub_clz.o)
    0x08005100   0x08005100   0x000002b8   Code   RO         1095    x$fpl$ddiv          fz_ws.l(ddiv.o)
    0x080053b8   0x080053b8   0x0000005e   Code   RO         1098    x$fpl$dfix          fz_ws.l(dfix.o)
    0x08005416   0x08005416   0x00000002   PAD
    0x08005418   0x08005418   0x00000154   Code   RO         1102    x$fpl$dmul          fz_ws.l(dmul.o)
    0x0800556c   0x0800556c   0x0000009c   Code   RO         1226    x$fpl$dnaninf       fz_ws.l(dnaninf.o)
    0x08005608   0x08005608   0x0000000c   Code   RO         1228    x$fpl$dretinf       fz_ws.l(dretinf.o)
    0x08005614   0x08005614   0x000001dc   Code   RO         1090    x$fpl$dsub          fz_ws.l(daddsub_clz.o)
    0x080057f0   0x080057f0   0x00000056   Code   RO         1104    x$fpl$f2d           fz_ws.l(f2d.o)
    0x08005846   0x08005846   0x00000002   PAD
    0x08005848   0x08005848   0x000000c4   Code   RO         1106    x$fpl$fadd          fz_ws.l(faddsub_clz.o)
    0x0800590c   0x0800590c   0x00000054   Code   RO         1112    x$fpl$fcmp          fz_ws.l(fcmp.o)
    0x08005960   0x08005960   0x00000018   Code   RO         1284    x$fpl$fcmpinf       fz_ws.l(fcmpi.o)
    0x08005978   0x08005978   0x00000184   Code   RO         1115    x$fpl$fdiv          fz_ws.l(fdiv.o)
    0x08005afc   0x08005afc   0x00000068   Code   RO         1230    x$fpl$feqf          fz_ws.l(feqf.o)
    0x08005b64   0x08005b64   0x0000003e   Code   RO         1122    x$fpl$ffixu         fz_ws.l(ffixu.o)
    0x08005ba2   0x08005ba2   0x00000002   PAD
    0x08005ba4   0x08005ba4   0x00000030   Code   RO         1127    x$fpl$fflt          fz_ws.l(fflt_clz.o)
    0x08005bd4   0x08005bd4   0x00000026   Code   RO         1126    x$fpl$ffltu         fz_ws.l(fflt_clz.o)
    0x08005bfa   0x08005bfa   0x00000002   PAD
    0x08005bfc   0x08005bfc   0x00000068   Code   RO         1232    x$fpl$fgeqf         fz_ws.l(fgeqf.o)
    0x08005c64   0x08005c64   0x00000068   Code   RO         1234    x$fpl$fleqf         fz_ws.l(fleqf.o)
    0x08005ccc   0x08005ccc   0x00000102   Code   RO         1132    x$fpl$fmul          fz_ws.l(fmul.o)
    0x08005dce   0x08005dce   0x0000008c   Code   RO         1236    x$fpl$fnaninf       fz_ws.l(fnaninf.o)
    0x08005e5a   0x08005e5a   0x0000000a   Code   RO         1238    x$fpl$fretinf       fz_ws.l(fretinf.o)
    0x08005e64   0x08005e64   0x000000ea   Code   RO         1108    x$fpl$fsub          fz_ws.l(faddsub_clz.o)
    0x08005f4e   0x08005f4e   0x00000000   Code   RO         1248    x$fpl$usenofp       fz_ws.l(usenofp.o)
    0x08005f4e   0x08005f4e   0x00000010   Data   RO          992    .rodata.AHBPrescTable  system_stm32f1xx.o
    0x08005f5e   0x08005f5e   0x00000008   Data   RO          993    .rodata.APBPrescTable  system_stm32f1xx.o
    0x08005f66   0x08005f66   0x00000010   Data   RO          378    .rodata.HAL_RCCEx_GetPeriphCLKFreq.aPLLMULFactorTable  stm32f1xx_hal_rcc_ex.o
    0x08005f76   0x08005f76   0x00000002   Data   RO          379    .rodata.HAL_RCCEx_GetPeriphCLKFreq.aPredivFactorTable  stm32f1xx_hal_rcc_ex.o
    0x08005f78   0x08005f78   0x00000010   Data   RO          363    .rodata.HAL_RCC_GetSysClockFreq.aPLLMULFactorTable  stm32f1xx_hal_rcc.o
    0x08005f88   0x08005f88   0x00000002   Data   RO          364    .rodata.HAL_RCC_GetSysClockFreq.aPredivFactorTable  stm32f1xx_hal_rcc.o
    0x08005f8a   0x08005f8a   0x000005f0   Data   RO         1035    .rodata.OLED_F8x16  oled.o
    0x0800657a   0x0800657a   0x00000035   Data   RO           60    .rodata.str1.1      main.o
    0x080065af   0x080065af   0x00000001   PAD
    0x080065b0   0x080065b0   0x00000020   Data   RO         1484    Region$$Table       anon$$obj.o


    Execution Region RW_IRAM1 (Exec base: 0x20000000, Load base: 0x080065d0, Size: 0x00000810, Max: 0x00005000, ABSOLUTE)

    Exec Addr    Load Addr    Size         Type   Attr      Idx    E Section Name        Object

    0x20000000   0x080065d0   0x00000004   Data   RW          991    .data.SystemCoreClock  system_stm32f1xx.o
    0x20000004   0x080065d4   0x00000001   Data   RW           57    .data.flag_NoSig    main.o
    0x20000005   0x080065d5   0x00000003   PAD
    0x20000008   0x080065d8   0x00000004   Data   RW           48    .data.high_time_ms  main.o
    0x2000000c   0x080065dc   0x00000004   Data   RW           49    .data.low_time_ms   main.o
    0x20000010   0x080065e0   0x00000001   Data   RW          324    .data.uwTickFreq    stm32f1xx_hal.o
    0x20000011   0x080065e1   0x00000003   PAD
    0x20000014   0x080065e4   0x00000004   Data   RW          323    .data.uwTickPrio    stm32f1xx_hal.o
    0x20000018   0x080065e8   0x00000002   Data   RW           52    .data.velocity      main.o
    0x2000001a   0x080065ea   0x00000006   PAD
    0x20000020        -       0x00000060   Zero   RW         1340    .bss                c_w.l(libspace.o)
    0x20000080        -       0x00000004   Zero   RW           46    .bss.Counter        main.o
    0x20000084        -       0x00000004   Zero   RW           43    .bss.HighCounts     main.o
    0x20000088        -       0x00000001   Zero   RW           45    .bss.IsHigh         main.o
    0x20000089   0x080065ea   0x00000003   PAD
    0x2000008c        -       0x00000004   Zero   RW           44    .bss.LowCounts      main.o
    0x20000090        -       0x00000004   Zero   RW           47    .bss.counter1       main.o
    0x20000094        -       0x00000004   Zero   RW           62    .bss.dst            main.o
    0x20000098        -       0x00000004   Zero   RW           63    .bss.dst0           main.o
    0x2000009c        -       0x00000001   Zero   RW           54    .bss.flag           main.o
    0x2000009d        -       0x00000001   Zero   RW           55    .bss.flag_led       main.o
    0x2000009e   0x080065ea   0x00000002   PAD
    0x200000a0        -       0x00000030   Zero   RW           86    .bss.hadc1          adc.o
    0x200000d0        -       0x00000048   Zero   RW          112    .bss.htim1          tim.o
    0x20000118        -       0x00000048   Zero   RW          113    .bss.htim2          tim.o
    0x20000160        -       0x00000048   Zero   RW          114    .bss.htim3          tim.o
    0x200001a8        -       0x00000048   Zero   RW          115    .bss.htim4          tim.o
    0x200001f0        -       0x00000004   Zero   RW           53    .bss.i              main.o
    0x200001f4        -       0x00000001   Zero   RW           56    .bss.n              main.o
    0x200001f5   0x080065ea   0x00000003   PAD
    0x200001f8        -       0x00000004   Zero   RW           58    .bss.pulse_count    main.o
    0x200001fc        -       0x00000004   Zero   RW           59    .bss.pulse_target   main.o
    0x20000200        -       0x00000002   Zero   RW           61    .bss.temp           main.o
    0x20000202   0x080065ea   0x00000002   PAD
    0x20000204        -       0x00000004   Zero   RW           51    .bss.timeInterval   main.o
    0x20000208        -       0x00000004   Zero   RW          325    .bss.uwTick         stm32f1xx_hal.o
    0x2000020c   0x080065ea   0x00000004   PAD
    0x20000210        -       0x00000200   Zero   RW            2    HEAP                startup_stm32f103xb.o
    0x20000410        -       0x00000400   Zero   RW            1    STACK               startup_stm32f103xb.o


==============================================================================

Image component sizes


      Code (inc. data)   RO Data    RW Data    ZI Data      Debug   Object Name

       244          0          0          0         48       4963   adc.o
       382          0          0          0          0       2655   gpio.o
      3870          0         53         11         46      10614   main.o
      1414          0       1520          0          0       4887   oled.o
        64         26        236          0       1536        776   startup_stm32f103xb.o
       254          0          0          5          4       5534   stm32f1xx_hal.o
      2146          0          0          0          0       9373   stm32f1xx_hal_adc.o
       402          0          0          0          0       7412   stm32f1xx_hal_adc_ex.o
       558          0          0          0          0       7520   stm32f1xx_hal_cortex.o
       900          0          0          0          0       4198   stm32f1xx_hal_gpio.o
       100          0          0          0          0       1173   stm32f1xx_hal_msp.o
      2652          0         18          0          0       7399   stm32f1xx_hal_rcc.o
       862          0         18          0          0       3096   stm32f1xx_hal_rcc_ex.o
      4290         28          0          0          0      35636   stm32f1xx_hal_tim.o
       236          0          0          0          0      15081   stm32f1xx_hal_tim_ex.o
       108          0          0          0          0       1610   stm32f1xx_it.o
         2          0         24          4          0       1541   system_stm32f1xx.o
      1080          0          0          0        288       7640   tim.o

    ----------------------------------------------------------------------
     19664         54       1902         28       1940     131108   Object Totals
         0          0         32          0          0          0   (incl. Generated)
       100          0          1          8         18          0   (incl. Padding)

    ----------------------------------------------------------------------

      Code (inc. data)   RO Data    RW Data    ZI Data      Debug   Library Member Name

         8          0          0          0          0         68   __main.o
         0          0          0          0          0          0   __rtentry.o
        12          0          0          0          0          0   __rtentry2.o
         6          0          0          0          0          0   __rtentry4.o
        94          8          0          0          0          0   __scatter.o
        26          0          0          0          0          0   __scatter_copy.o
        28          0          0          0          0          0   __scatter_zi.o
        18          0          0          0          0         80   exit.o
         6          0          0          0          0        152   heapauxi.o
         0          0          0          0          0          0   indicate_semi.o
         2          0          0          0          0          0   libinit.o
         2          0          0          0          0          0   libinit2.o
         2          0          0          0          0          0   libshutdown.o
         2          0          0          0          0          0   libshutdown2.o
         8          4          0          0         96         68   libspace.o
        78          0          0          0          0         80   rt_memclr_w.o
         2          0          0          0          0          0   rtexit.o
        10          0          0          0          0          0   rtexit2.o
        12          4          0          0          0         68   sys_exit.o
        74          0          0          0          0         80   sys_stackheap_outer.o
         2          0          0          0          0         68   use_no_semi.o
        98          4          0          0          0         92   d2f.o
       812         16          0          0          0        296   daddsub_clz.o
       696        140          0          0          0        216   ddiv.o
        94          4          0          0          0         92   dfix.o
       340         12          0          0          0        104   dmul.o
       156          4          0          0          0         92   dnaninf.o
        12          0          0          0          0         68   dretinf.o
        86          4          0          0          0         84   f2d.o
       430          8          0          0          0        168   faddsub_clz.o
        84          0          0          0          0        196   fcmp.o
        24          0          0          0          0         68   fcmpi.o
       388         76          0          0          0         96   fdiv.o
       104          4          0          0          0         84   feqf.o
        62          4          0          0          0         84   ffixu.o
        86          0          0          0          0        136   fflt_clz.o
       104          4          0          0          0         84   fgeqf.o
       104          4          0          0          0         84   fleqf.o
       258          4          0          0          0         84   fmul.o
       140          4          0          0          0         84   fnaninf.o
        10          0          0          0          0         68   fretinf.o
         0          0          0          0          0          0   usenofp.o

    ----------------------------------------------------------------------
      4498        308          0          0         96       2944   Library Totals
        18          0          0          0          0          0   (incl. Padding)

    ----------------------------------------------------------------------

      Code (inc. data)   RO Data    RW Data    ZI Data      Debug   Library Name

       392         16          0          0         96        664   c_w.l
      4088        292          0          0          0       2280   fz_ws.l

    ----------------------------------------------------------------------
      4498        308          0          0         96       2944   Library Totals

    ----------------------------------------------------------------------

==============================================================================


      Code (inc. data)   RO Data    RW Data    ZI Data      Debug   

     24162        362       1902         28       2036     132444   Grand Totals
     24162        362       1902         28       2036     132444   ELF Image Totals
     24162        362       1902         28          0          0   ROM Totals

==============================================================================

    Total RO  Size (Code + RO Data)                26064 (  25.45kB)
    Total RW  Size (RW Data + ZI Data)              2064 (   2.02kB)
    Total ROM Size (Code + RO Data + RW Data)      26092 (  25.48kB)

==============================================================================

